<html>
<body>
<pre>
<h1>µVision Build Log</h1>
<h2>Tool Versions:</h2>
IDE-Version: µVision V5.42.0.0
Copyright (C) 2025 ARM Ltd and ARM Germany GmbH. All rights reserved.
License Information: Rivindu Kumarage, University of Moratuwa, LIC=----
 
Tool Versions:
Toolchain:       MDK-Lite  Version: 5.42.0.0
Toolchain Path:  C:\Users\ASUS\AppData\Local\Keil_v5\ARM\ARMCLANG\Bin
C Compiler:      ArmClang.exe V6.23
Assembler:       Armasm.exe V6.23
Linker/Locator:  ArmLink.exe V6.23
Library Manager: ArmAr.exe V6.23
Hex Converter:   FromElf.exe V6.23
CPU DLL:         SARMCM3.DLL V5.42.0.0
Dialog DLL:      DARMCM1.DLL V1.19.6.0
Target DLL:      Segger\JL2CM3.dll V2.99.45.0
Dialog DLL:      TARMCM1.DLL V1.14.6.0
 
<h2>Project:</h2>
D:\Documents\DA145xx_SDK\6.0.22.1401\projects\target_apps\ble_examples\ble_app_peripheral_Torque_sensor_final\Keil_5\ble_app_peripheral.uvprojx
Project File Date:  07/07/2025

<h2>Output:</h2>
*** Using Compiler 'V6.23', folder: 'C:\Users\ASUS\AppData\Local\Keil_v5\ARM\ARMCLANG\Bin'
Rebuild target 'DA14531'
assembling startup_DA14531.s...
compiling arch_sleep.c...
compiling nmi_handler.c...
compiling nvds.c...
compiling arch_console.c...
compiling chacha20.c...
compiling system_DA14531.c...
compiling arch_rom.c...
compiling hardfault_handler.c...
compiling hash.c...
compiling jump_table.c...
compiling arch_main.c...
compiling arch_hibernation.c...
compiling system_library_585_586.c...
compiling arch_system.c...
compiling system_library_535.c...
compiling system_library_531_01.c...
compiling system_library_531.c...
compiling otp_cs.c...
compiling otp_hdr.c...
compiling syscntl.c...
compiling wkupct_quadec.c...
compiling battery.c...
compiling gpio.c...
compiling spi_531.c...
compiling adc_531.c...
compiling hw_otpc_531.c...
compiling i2c_eeprom.c...
compiling spi_flash.c...
compiling i2c.c...
compiling trng.c...
compiling dma.c...
compiling uart.c...
compiling rf_585.c...
compiling ble_arp_fpga.c...
compiling rwip.c...
compiling attm_db_128.c...
compiling rwble.c...
compiling prf_utils.c...
compiling rf_531.c...
compiling ble_arp.c...
compiling custom_common.c...
compiling diss.c...
compiling diss_task.c...
compiling custs1.c...
compiling prf.c...
compiling custs1_task.c...
compiling app_default_handlers.c...
compiling app_security.c...
compiling app_security_task.c...
compiling app_task.c...
compiling app_bass.c...
compiling app.c...
compiling app_bass_task.c...
compiling app_findme.c...
compiling app_findme_task.c...
compiling app_proxr.c...
compiling app_diss.c...
compiling app_proxr_task.c...
compiling app_diss_task.c...
compiling app_suotar.c...
compiling app_suotar_task.c...
compiling app_entry_point.c...
compiling app_msg_utils.c...
compiling app_easy_msg_utils.c...
compiling app_easy_security.c...
compiling app_customs_task.c...
compiling app_customs.c...
compiling app_bond_db.c...
compiling app_easy_timer.c...
compiling app_customs_common.c...
compiling app_utils.c...
compiling app_easy_whitelist.c...
compiling user_custs_config.c...
compiling user_custs1_def.c...
compiling fpga.c...
compiling user_periph_setup.c...
compiling user_peripheral.c...
compiling user_custs1_impl.c...
linking...
Program Size: Code=26024 RO-data=2928 RW-data=16 ZI-data=8312  
FromELF: creating hex file...
After Build - User command #1: fromelf --bincombined --output=".\out_DA14531\Objects\ble_app_peripheral_531.bin"  ".\out_DA14531\Objects\ble_app_peripheral_531.axf"
".\out_DA14531\Objects\ble_app_peripheral_531.axf" - 0 Error(s), 0 Warning(s).

<h2>Software Packages used:</h2>

Package Vendor: ARM
                https://www.keil.com/pack/ARM.Cortex_DFP.1.1.0.pack
                ARM::Cortex_DFP@1.1.0
                ARM Cortex Reference Subsystems Device Family Pack

<h2>Collection of Component include folders:</h2>
  C:/Users/ASUS/AppData/Local/Arm/Packs/ARM/Cortex_DFP/1.1.0/Device/ARMCM0plus/Include

<h2>Collection of Component Files used:</h2>
Build Time Elapsed:  00:00:06
</pre>
</body>
</html>
