Component: Arm Compiler for Embedded 6.23 Tool: armlink [5f102400]

==============================================================================

Section Cross References

    system_da14531.o(.text) refers to system_da14531.o(.data.SystemCoreClock) for SystemCoreClock
    system_da14531.o(.ARM.exidx) refers to system_da14531.o(.text) for [Anonymous Symbol]
    system_da14531.o(system_DA14xxx) refers to otp_cs.o(otp_cs_booter) for booter_val
    system_da14531.o(.ARM.exidxsystem_DA14xxx) refers to system_da14531.o(system_DA14xxx) for [Anonymous Symbol]
    startup_da14531.o(RESET) refers to startup_da14531.o(STACK) for __initial_sp
    startup_da14531.o(RESET) refers to startup_da14531.o(.text) for Reset_Handler
    startup_da14531.o(RESET) refers to rwble.o(.text) for BLE_WAKEUP_LP_Handler
    startup_da14531.o(RESET) refers to uart.o(.text) for UART2_Handler
    startup_da14531.o(RESET) refers to i2c.o(.text) for I2C_Handler
    startup_da14531.o(RESET) refers to adc_531.o(.text) for ADC_Handler
    startup_da14531.o(RESET) refers to gpio.o(.text) for GPIO0_Handler
    startup_da14531.o(RESET) refers to wkupct_quadec.o(.text) for WKUP_QUADEC_Handler
    startup_da14531.o(.text) refers to system_da14531.o(system_DA14xxx) for SystemInit
    startup_da14531.o(.text) refers to entry.o(.ARM.Collect$$$$00000000) for __main
    startup_da14531.o(.text) refers to nmi_handler.o(.text.NMI_HandlerC) for NMI_HandlerC
    startup_da14531.o(.text) refers to hardfault_handler.o(.text.HardFault_HandlerC) for HardFault_HandlerC
    hardfault_handler.o(.text.HardFault_HandlerC) refers to syscntl.o(.text) for syscntl_dcdc_set_level
    hardfault_handler.o(.ARM.exidx.text.HardFault_HandlerC) refers to hardfault_handler.o(.text.HardFault_HandlerC) for [Anonymous Symbol]
    nmi_handler.o(.text.NMI_HandlerC) refers to syscntl.o(.text) for syscntl_dcdc_set_level
    nmi_handler.o(.ARM.exidx.text.NMI_HandlerC) refers to nmi_handler.o(.text.NMI_HandlerC) for [Anonymous Symbol]
    nvds.o(.rodata.rom_nvds_cfg) refers to nvds.o(.rodata.nvds_data_storage) for [Anonymous Symbol]
    nvds.o(.rodata.rom_nvds_cfg) refers to arch_system.o(.bss.retention_mem_area0) for dev_bdaddr
    arch_main.o(.text) refers to arch_system.o(.text) for system_init
    arch_main.o(.text) refers to rwip.o(.text) for rwip_sleep
    arch_main.o(.text) refers to hw_otpc_531.o(.text) for hw_otpc_init
    arch_main.o(.text) refers (Weak) to hw_otpc_531.o(.text) for hw_otpc_clear_dcdc_reserved
    arch_main.o(.text) refers to syscntl.o(.text) for syscntl_dcdc_set_level
    arch_main.o(.text) refers to arch_asm.o(.text) for arch_asm_delay_us
    arch_main.o(.text) refers to user_periph_setup.o(.text) for periph_init
    arch_main.o(.text) refers to rwble.o(.bss.retention_mem_area0) for arch_rwble_last_event
    arch_main.o(.ARM.exidx) refers to arch_main.o(.text) for [Anonymous Symbol]
    jump_table.o(.ARM.exidx) refers to jump_table.o(.text) for [Anonymous Symbol]
    jump_table.o(.rodata.rom_func_addr_table_var) refers to ble_arp.o(.text) for rf_init_func
    jump_table.o(.rodata.rom_func_addr_table_var) refers to jump_table.o(.text) for platform_reset_func
    jump_table.o(.rodata.rom_func_addr_table_var) refers to rwble.o(.text) for lld_sleep_compensate_func
    jump_table.o(.rodata.rom_func_addr_table_var) refers to arch_system.o(.text) for lld_sleep_init_func
    jump_table.o(.rodata.rom_func_addr_table_var) refers to patch_1.o(.text) for JT_lld_test_mode_rx_func
    jump_table.o(.rodata.rom_func_addr_table_var) refers to prf.o(.text) for prf_init_func
    jump_table.o(.rodata.rom_cfg_table_var) refers to jump_table.o(.bss.heap_mem_area_not_ret) for rwip_heap_non_ret
    jump_table.o(.rodata.rom_cfg_table_var) refers to jump_table.o(.bss.heap_env_area) for rwip_heap_env_ret
    jump_table.o(.rodata.rom_cfg_table_var) refers to jump_table.o(.bss.heap_db_area) for rwip_heap_db_ret
    jump_table.o(.rodata.rom_cfg_table_var) refers to jump_table.o(.bss.heap_msg_area) for rwip_heap_msg_ret
    jump_table.o(.rodata.rom_cfg_table_var) refers to nvds.o(.rodata.rom_nvds_cfg) for rom_nvds_cfg
    jump_table.o(.rodata.rom_cfg_table_var) refers to chacha20.o(.rodata.rom_chacha20_cfg) for rom_chacha20_cfg
    jump_table.o(.rodata.rom_cfg_table_var) refers to custs1.o(.rodata.rom_cust_prf_cfg) for rom_cust_prf_cfg
    jump_table.o(.rodata.rom_cfg_table_var) refers to prf.o(.rodata.rom_prf_cfg) for rom_prf_cfg
    jump_table.o(.rodata.rom_cfg_table_var) refers to app_entry_point.o(.rodata.rom_app_task_cfg) for rom_app_task_cfg
    arch_sleep.o(.text) refers to arch_sleep.o(.bss.retention_mem_area0) for [Anonymous Symbol]
    arch_sleep.o(.text) refers to rwble.o(.bss.retention_mem_area0) for arch_rwble_last_event
    arch_sleep.o(.ARM.exidx) refers to arch_sleep.o(.text) for [Anonymous Symbol]
    arch_system.o(.text) refers to arch_system.o(.bss.retention_mem_area0) for lp_clk_sel
    arch_system.o(.text) refers to otp_cs.o(.bss.retention_mem_area0) for otp_cs
[...]
    __rt_uwrite4                             0x07f1f16f   Thumb Code     0  da14531_symbols.txt ABSOLUTE
    _uwrite4                                 0x07f1f16f   Thumb Code     0  da14531_symbols.txt ABSOLUTE
    __aeabi_llsl                             0x07f1f181   Thumb Code     0  da14531_symbols.txt ABSOLUTE
    _ll_shift_l                              0x07f1f181   Thumb Code     0  da14531_symbols.txt ABSOLUTE
    __ARM_common_switch8                     0x07f1f1a1   Thumb Code     0  da14531_symbols.txt ABSOLUTE
    uart_api                                 0x07f1f1bc   Data           0  da14531_symbols.txt ABSOLUTE
    co_sca2ppm                               0x07f1f1cc   Data           0  da14531_symbols.txt ABSOLUTE
    co_null_bdaddr                           0x07f1f1dc   Data           0  da14531_symbols.txt ABSOLUTE
    co_default_bdaddr                        0x07f1f1e2   Data           0  da14531_symbols.txt ABSOLUTE
    llc_state_handler                        0x07f1f468   Data           0  da14531_symbols.txt ABSOLUTE
    llc_default_handler                      0x07f1f538   Data           0  da14531_symbols.txt ABSOLUTE
    llm_dflt_bdaddr                          0x07f1f550   Data           0  da14531_symbols.txt ABSOLUTE
    llm_debug_private_key                    0x07f1f556   Data           0  da14531_symbols.txt ABSOLUTE
    llm_local_le_states                      0x07f1f588   Data           0  da14531_symbols.txt ABSOLUTE
    llm_state_handler                        0x07f1f770   Data           0  da14531_symbols.txt ABSOLUTE
    llm_default_handler                      0x07f1f7a0   Data           0  da14531_symbols.txt ABSOLUTE
    LLM_AA_CT1                               0x07f1f7a8   Data           0  da14531_symbols.txt ABSOLUTE
    LLM_AA_CT2                               0x07f1f7ab   Data           0  da14531_symbols.txt ABSOLUTE
    ecc_p256_G                               0x07f1f7ad   Data           0  da14531_symbols.txt ABSOLUTE
    gtl_default_state                        0x07f1f800   Data           0  da14531_symbols.txt ABSOLUTE
    gtl_default_handler                      0x07f1f808   Data           0  da14531_symbols.txt ABSOLUTE
    hci_cmd_desc_tab_lk_ctrl                 0x07f1f814   Data           0  da14531_symbols.txt ABSOLUTE
    hci_cmd_desc_tab_ctrl_bb                 0x07f1f838   Data           0  da14531_symbols.txt ABSOLUTE
    hci_cmd_desc_tab_info_par                0x07f1f8b0   Data           0  da14531_symbols.txt ABSOLUTE
    hci_cmd_desc_tab_stat_par                0x07f1f8e0   Data           0  da14531_symbols.txt ABSOLUTE
    hci_cmd_desc_tab_le                      0x07f1f8ec   Data           0  da14531_symbols.txt ABSOLUTE
    hci_cmd_desc_tab_vs                      0x07f1fb38   Data           0  da14531_symbols.txt ABSOLUTE
    rom_hci_cmd_desc_root_tab                0x07f1fc7c   Data           0  da14531_symbols.txt ABSOLUTE
    hci_evt_desc_tab                         0x07f1fcac   Data           0  da14531_symbols.txt ABSOLUTE
    hci_evt_le_desc_tab                      0x07f1fcf4   Data           0  da14531_symbols.txt ABSOLUTE
    attc_handlers                            0x07f1fd64   Data           0  da14531_symbols.txt ABSOLUTE
    atts_handlers                            0x07f1fdd4   Data           0  da14531_symbols.txt ABSOLUTE
    gattc_default_state                      0x07f1fe54   Data           0  da14531_symbols.txt ABSOLUTE
    gattc_default_handler                    0x07f1ff34   Data           0  da14531_symbols.txt ABSOLUTE
    gattm_default_state                      0x07f1ff80   Data           0  da14531_symbols.txt ABSOLUTE
    gattm_default_handler                    0x07f1ffd8   Data           0  da14531_symbols.txt ABSOLUTE
    l2cc_default_state                       0x07f1fff0   Data           0  da14531_symbols.txt ABSOLUTE
    l2cc_default_handler                     0x07f20008   Data           0  da14531_symbols.txt ABSOLUTE
    const_Rb                                 0x07f20029   Data           0  da14531_symbols.txt ABSOLUTE
    const_Zero                               0x07f20039   Data           0  da14531_symbols.txt ABSOLUTE
    gapc_default_state                       0x07f2005c   Data           0  da14531_symbols.txt ABSOLUTE
    gapc_default_handler                     0x07f201ac   Data           0  da14531_symbols.txt ABSOLUTE
    gapm_default_state                       0x07f20248   Data           0  da14531_symbols.txt ABSOLUTE
    gapm_default_handler                     0x07f20330   Data           0  da14531_symbols.txt ABSOLUTE
    l2cc_connor_pkt_format                   0x07f20338   Data           0  da14531_symbols.txt ABSOLUTE
    l2cc_signaling_pkt_format                0x07f20340   Data           0  da14531_symbols.txt ABSOLUTE
    l2cc_security_pkt_format                 0x07f2039c   Data           0  da14531_symbols.txt ABSOLUTE
    l2cc_attribute_pkt_format                0x07f203d8   Data           0  da14531_symbols.txt ABSOLUTE
    smpc_construct_pdu                       0x07f20454   Data           0  da14531_symbols.txt ABSOLUTE
    arch_printf_flush                        0x07f20be5   Thumb Code     0  da14531_symbols.txt ABSOLUTE
    arch_vprintf                             0x07f20c9d   Thumb Code     0  da14531_symbols.txt ABSOLUTE
    arch_printf                              0x07f20cfd   Thumb Code     0  da14531_symbols.txt ABSOLUTE
    arch_puts                                0x07f20d11   Thumb Code     0  da14531_symbols.txt ABSOLUTE
    arch_printf_process                      0x07f20d21   Thumb Code     0  da14531_symbols.txt ABSOLUTE
    nvds_get_func                            0x07f20dcd   Thumb Code     0  da14531_symbols.txt ABSOLUTE
    nvds_init_func                           0x07f20ea9   Thumb Code     0  da14531_symbols.txt ABSOLUTE
    nvds_del_func                            0x07f20ead   Thumb Code     0  da14531_symbols.txt ABSOLUTE
    nvds_put_func                            0x07f20eb1   Thumb Code     0  da14531_symbols.txt ABSOLUTE
    csprng_seed                              0x07f20f49   Thumb Code     0  da14531_symbols.txt ABSOLUTE
    csprng_get_next_uint32                   0x07f20f79   Thumb Code     0  da14531_symbols.txt ABSOLUTE
    trng_acquire                             0x07f21021   Thumb Code     0  da14531_symbols.txt ABSOLUTE
    prf_add_profile_func                     0x07f210d1   Thumb Code     0  da14531_symbols.txt ABSOLUTE
    prf_cleanup_func                         0x07f211b1   Thumb Code     0  da14531_symbols.txt ABSOLUTE
    prf_env_get                              0x07f211f1   Thumb Code     0  da14531_symbols.txt ABSOLUTE
    prf_src_task_get                         0x07f2121d   Thumb Code     0  da14531_symbols.txt ABSOLUTE
    prf_dst_task_get                         0x07f2122d   Thumb Code     0  da14531_symbols.txt ABSOLUTE
    prf_get_id_from_task_func                0x07f21241   Thumb Code     0  da14531_symbols.txt ABSOLUTE
    prf_get_task_from_id_func                0x07f21279   Thumb Code     0  da14531_symbols.txt ABSOLUTE
    prf_reset_func                           0x07f212b1   Thumb Code     0  da14531_symbols.txt ABSOLUTE
    prf_itf_get                              0x07f212fd   Thumb Code     0  da14531_symbols.txt ABSOLUTE
    prf_pack_char_pres_fmt                   0x07f21321   Thumb Code     0  da14531_symbols.txt ABSOLUTE
    prf_pack_date_time                       0x07f2133f   Thumb Code     0  da14531_symbols.txt ABSOLUTE
    prf_unpack_date_time                     0x07f2135f   Thumb Code     0  da14531_symbols.txt ABSOLUTE
    diss_compute_cfg_flag                    0x07f21381   Thumb Code     0  da14531_symbols.txt ABSOLUTE
    diss_handle_to_value                     0x07f21453   Thumb Code     0  da14531_symbols.txt ABSOLUTE
    diss_value_to_handle                     0x07f21483   Thumb Code     0  da14531_symbols.txt ABSOLUTE
    diss_check_val_len                       0x07f214b7   Thumb Code     0  da14531_symbols.txt ABSOLUTE
    diss_prf_itf_get                         0x07f214ed   Thumb Code     0  da14531_symbols.txt ABSOLUTE
    bass_get_att_handle                      0x07f2184b   Thumb Code     0  da14531_symbols.txt ABSOLUTE
    bass_get_att_idx                         0x07f21901   Thumb Code     0  da14531_symbols.txt ABSOLUTE
    bass_exe_operation                       0x07f2196b   Thumb Code     0  da14531_symbols.txt ABSOLUTE
    bass_prf_itf_get                         0x07f21a6d   Thumb Code     0  da14531_symbols.txt ABSOLUTE
    suotar_prf_itf_get                       0x07f22059   Thumb Code     0  da14531_symbols.txt ABSOLUTE
    check_client_char_cfg                    0x07f22355   Thumb Code     0  da14531_symbols.txt ABSOLUTE
    get_value_handle                         0x07f2237f   Thumb Code     0  da14531_symbols.txt ABSOLUTE
    get_cfg_handle                           0x07f223cb   Thumb Code     0  da14531_symbols.txt ABSOLUTE
    custs1_get_att_handle                    0x07f2242d   Thumb Code     0  da14531_symbols.txt ABSOLUTE
    custs1_get_att_idx                       0x07f22449   Thumb Code     0  da14531_symbols.txt ABSOLUTE
    custs1_prf_itf_get                       0x07f22621   Thumb Code     0  da14531_symbols.txt ABSOLUTE
    custs1_init_ccc_values                   0x07f226d3   Thumb Code     0  da14531_symbols.txt ABSOLUTE
    custs1_set_ccc_value                     0x07f2270b   Thumb Code     0  da14531_symbols.txt ABSOLUTE
    gattc_cmp_evt_handler                    0x07f22823   Thumb Code     0  da14531_symbols.txt ABSOLUTE
    custs1_val_set_req_handler               0x07f22837   Thumb Code     0  da14531_symbols.txt ABSOLUTE
    custs1_val_ntf_req_handler               0x07f22857   Thumb Code     0  da14531_symbols.txt ABSOLUTE
    custs1_val_ind_req_handler               0x07f228b3   Thumb Code     0  da14531_symbols.txt ABSOLUTE
    custs1_att_info_rsp_handler              0x07f2290f   Thumb Code     0  da14531_symbols.txt ABSOLUTE
    gattc_read_req_ind_handler               0x07f2294b   Thumb Code     0  da14531_symbols.txt ABSOLUTE
    gattc_att_info_req_ind_handler           0x07f22b57   Thumb Code     0  da14531_symbols.txt ABSOLUTE
    attm_svc_create_db_128                   0x07f22c19   Thumb Code     0  da14531_symbols.txt ABSOLUTE
    gapm_adv_report_ind_handler_ROM          0x07f23085   Thumb Code     0  da14531_symbols.txt ABSOLUTE
    gapc_security_ind_handler_ROM            0x07f2309f   Thumb Code     0  da14531_symbols.txt ABSOLUTE
    gapc_set_dev_info_req_ind_handler_ROM    0x07f23185   Thumb Code     0  da14531_symbols.txt ABSOLUTE
    gapm_profile_added_ind_handler_ROM       0x07f231c7   Thumb Code     0  da14531_symbols.txt ABSOLUTE
    gapc_param_update_req_ind_handler_ROM    0x07f231f9   Thumb Code     0  da14531_symbols.txt ABSOLUTE
    gapc_le_pkt_size_ind_handler_ROM         0x07f23239   Thumb Code     0  da14531_symbols.txt ABSOLUTE
    gattc_svc_changed_cfg_ind_handler_ROM    0x07f23253   Thumb Code     0  da14531_symbols.txt ABSOLUTE
    gapc_peer_features_ind_handler_ROM       0x07f2326f   Thumb Code     0  da14531_symbols.txt ABSOLUTE
    app_entry_point_handler                  0x07f232a9   Thumb Code     0  da14531_symbols.txt ABSOLUTE
    app_std_process_event                    0x07f232f1   Thumb Code     0  da14531_symbols.txt ABSOLUTE
    app_get_address_type_ROM                 0x07f23335   Thumb Code     0  da14531_symbols.txt ABSOLUTE
    app_fill_random_byte_array_ROM           0x07f23361   Thumb Code     0  da14531_symbols.txt ABSOLUTE
    __aeabi_ldivmod                          0x07f233f3   Thumb Code     0  da14531_symbols.txt ABSOLUTE
    __aeabi_llsr                             0x07f2343f   Thumb Code     0  da14531_symbols.txt ABSOLUTE
    _ll_ushift_r                             0x07f2343f   Thumb Code     0  da14531_symbols.txt ABSOLUTE
    __aeabi_uldivmod                         0x07f23461   Thumb Code     0  da14531_symbols.txt ABSOLUTE
    app_db_init_start                        0x07f234c1   Thumb Code     0  da14531_symbols.txt ABSOLUTE
    app_db_init                              0x07f234dd   Thumb Code     0  da14531_symbols.txt ABSOLUTE
    app_easy_gap_confirm                     0x07f234e9   Thumb Code     0  da14531_symbols.txt ABSOLUTE
    append_device_name                       0x07f23515   Thumb Code     0  da14531_symbols.txt ABSOLUTE
    app_easy_gap_update_adv_data             0x07f23539   Thumb Code     0  da14531_symbols.txt ABSOLUTE
    app_easy_gap_disconnect                  0x07f23581   Thumb Code     0  da14531_symbols.txt ABSOLUTE
    app_easy_gap_advertise_stop              0x07f235bd   Thumb Code     0  da14531_symbols.txt ABSOLUTE
    active_conidx_to_conhdl                  0x07f235d9   Thumb Code     0  da14531_symbols.txt ABSOLUTE
    active_conhdl_to_conidx                  0x07f23605   Thumb Code     0  da14531_symbols.txt ABSOLUTE
    app_timer_set                            0x07f23641   Thumb Code     0  da14531_symbols.txt ABSOLUTE
    app_easy_gap_set_data_packet_length      0x07f2365d   Thumb Code     0  da14531_symbols.txt ABSOLUTE
    get_user_prf_srv_perm                    0x07f23699   Thumb Code     0  da14531_symbols.txt ABSOLUTE
    app_set_prf_srv_perm                     0x07f236c1   Thumb Code     0  da14531_symbols.txt ABSOLUTE
    prf_init_srv_perm                        0x07f236f1   Thumb Code     0  da14531_symbols.txt ABSOLUTE
    app_gattc_svc_changed_cmd_send           0x07f23715   Thumb Code     0  da14531_symbols.txt ABSOLUTE
    blank_otp_bdaddr                         0x07f239e4   Data           0  da14531_symbols.txt ABSOLUTE
    app_default_handler                      0x07f23f58   Data           0  da14531_symbols.txt ABSOLUTE
    gap_cfg_user_var_struct                  0x07f23f60   Data           0  da14531_symbols.txt ABSOLUTE
    __Vectors                                0x07fc0000   Data           4  startup_da14531.o(RESET)
    __Vectors_End                            0x07fc00a0   Data           0  startup_da14531.o(RESET)
    booter_val                               0x07fc00a0   Data           8  otp_cs.o(otp_cs_booter)
    Image$$ER_IROM3$$Base                    0x07fc0110   Number         0  anon$$obj.o ABSOLUTE
    __main                                   0x07fc0111   Thumb Code     0  entry.o(.ARM.Collect$$$$00000000)
    _main_stk                                0x07fc0111   Thumb Code     0  entry2.o(.ARM.Collect$$$$00000001)
    _main_scatterload                        0x07fc0115   Thumb Code     0  entry5.o(.ARM.Collect$$$$00000004)
    __main_after_scatterload                 0x07fc0119   Thumb Code     0  entry5.o(.ARM.Collect$$$$00000004)
    _main_clock                              0x07fc0119   Thumb Code     0  entry7b.o(.ARM.Collect$$$$00000008)
    _main_cpp_init                           0x07fc0119   Thumb Code     0  entry8b.o(.ARM.Collect$$$$0000000A)
    _main_init                               0x07fc0119   Thumb Code     0  entry9a.o(.ARM.Collect$$$$0000000B)
    __rt_final_cpp                           0x07fc0121   Thumb Code     0  entry10a.o(.ARM.Collect$$$$0000000D)
    __rt_final_exit                          0x07fc0121   Thumb Code     0  entry11a.o(.ARM.Collect$$$$0000000F)
    Reset_Handler                            0x07fc0125   Thumb Code     8  startup_da14531.o(.text)
    SVC_Handler                              0x07fc015d   Thumb Code     2  startup_da14531.o(.text)
    PendSV_Handler                           0x07fc015f   Thumb Code     2  startup_da14531.o(.text)
    SysTick_Handler                          0x07fc0161   Thumb Code     2  startup_da14531.o(.text)
    DMA_Handler                              0x07fc0163   Thumb Code     0  startup_da14531.o(.text)
    KEYBRD_Handler                           0x07fc0163   Thumb Code     0  startup_da14531.o(.text)
    RESERVED21_Handler                       0x07fc0163   Thumb Code     0  startup_da14531.o(.text)
    RESERVED22_Handler                       0x07fc0163   Thumb Code     0  startup_da14531.o(.text)
    RESERVED23_Handler                       0x07fc0163   Thumb Code     0  startup_da14531.o(.text)
    RFCAL_Handler                            0x07fc0163   Thumb Code     0  startup_da14531.o(.text)
    RTC_Handler                              0x07fc0163   Thumb Code     0  startup_da14531.o(.text)
    SPI_Handler                              0x07fc0163   Thumb Code     0  startup_da14531.o(.text)
    SWTIM1_Handler                           0x07fc0163   Thumb Code     0  startup_da14531.o(.text)
    SWTIM_Handler                            0x07fc0163   Thumb Code     0  startup_da14531.o(.text)
    XTAL32M_RDY_Handler                      0x07fc0163   Thumb Code     0  startup_da14531.o(.text)
    main                                     0x07fc0175   Thumb Code   416  arch_main.o(.text)
    dummyf                                   0x07fc0331   Thumb Code     2  jump_table.o(.text)
    crypto_init_func                         0x07fc0333   Thumb Code     2  jump_table.o(.text)
    ba431_get_rand_func                      0x07fc0335   Thumb Code    24  jump_table.o(.text)
    dia_rand_func                            0x07fc034d   Thumb Code     8  jump_table.o(.text)
    dia_srand_func                           0x07fc0355   Thumb Code    26  jump_table.o(.text)
    dbg_init_func_empty                      0x07fc036f   Thumb Code     2  jump_table.o(.text)
    dbg_platform_reset_complete_func_empty   0x07fc0371   Thumb Code     2  jump_table.o(.text)
    smpm_ecdh_key_create_empty_func          0x07fc0373   Thumb Code     2  jump_table.o(.text)
    platform_reset_func                      0x07fc0375   Thumb Code    24  jump_table.o(.text)
    arch_disable_sleep                       0x07fc0399   Thumb Code    28  arch_sleep.o(.text)
    arch_set_extended_sleep                  0x07fc03c1   Thumb Code    44  arch_sleep.o(.text)
    arch_set_deep_sleep                      0x07fc03f9   Thumb Code   256  arch_sleep.o(.text)
    arch_set_sleep_mode                      0x07fc0521   Thumb Code    80  arch_sleep.o(.text)
    arch_get_sleep_mode                      0x07fc057d   Thumb Code    20  arch_sleep.o(.text)
    arch_restore_sleep_mode                  0x07fc0595   Thumb Code    68  arch_sleep.o(.text)
    arch_force_active_mode                   0x07fc05e5   Thumb Code    48  arch_sleep.o(.text)
    arch_ble_ext_wakeup_on                   0x07fc0621   Thumb Code     8  arch_sleep.o(.text)
    arch_ble_ext_wakeup_off                  0x07fc062d   Thumb Code     8  arch_sleep.o(.text)
    arch_ble_ext_wakeup_get                  0x07fc0639   Thumb Code     8  arch_sleep.o(.text)
    arch_ble_force_wakeup                    0x07fc0645   Thumb Code    52  arch_sleep.o(.text)
    arch_last_rwble_evt_get                  0x07fc0681   Thumb Code     8  arch_sleep.o(.text)
    init_pwr_and_clk_ble                     0x07fc068d   Thumb Code   152  arch_system.o(.text)
    calibrate_rcx20                          0x07fc0735   Thumb Code    28  arch_system.o(.text)
    read_rcx_freq                            0x07fc0759   Thumb Code    80  arch_system.o(.text)
    set_sleep_delay                          0x07fc07b5   Thumb Code    84  arch_system.o(.text)
    lld_sleep_us_2_lpcycles_sel_func         0x07fc0825   Thumb Code    20  arch_system.o(.text)
    lld_sleep_lpcycles_2_us_sel_func         0x07fc0845   Thumb Code     8  arch_system.o(.text)
    conditionally_run_radio_cals             0x07fc084d   Thumb Code   168  arch_system.o(.text)
    lld_sleep_us_2_lpcycles_rcx_func         0x07fc090d   Thumb Code    20  arch_system.o(.text)
    lld_sleep_lpcycles_2_us_rcx_func         0x07fc092d   Thumb Code    40  arch_system.o(.text)
    check_sys_startup_period                 0x07fc0959   Thumb Code    44  arch_system.o(.text)
    app_use_lower_clocks_check               0x07fc0995   Thumb Code     4  arch_system.o(.text)
    lld_sleep_init_func                      0x07fc0999   Thumb Code    28  arch_system.o(.text)
    arch_wkupct_tweak_deb_time               0x07fc09bd   Thumb Code    36  arch_system.o(.text)
    arch_set_pxact_gpio                      0x07fc09e9   Thumb Code    36  arch_system.o(.text)
    set_xtal32m_trim_value                   0x07fc0a11   Thumb Code    72  arch_system.o(.text)
    xtal32m_configuration                    0x07fc0a61   Thumb Code    48  arch_system.o(.text)
    arch_system_init_vdd_clamp_for_rcx       0x07fc0a95   Thumb Code    28  arch_system.o(.text)
    system_init                              0x07fc0abd   Thumb Code   452  arch_system.o(.text)
    arch_rom_init                            0x07fc0cc1   Thumb Code   196  arch_rom.o(.text)
    patch_func                               0x07fc0e45   Thumb Code    40  system_library_531.o(.text)
    otp_cs_store                             0x07fc0ea5   Thumb Code   660  otp_cs.o(.text)
    otp_cs_load_pd_rad                       0x07fc1159   Thumb Code    84  otp_cs.o(.text)
    otp_cs_load_pd_adpll                     0x07fc11bd   Thumb Code    68  otp_cs.o(.text)
    otp_hdr_get_bd_address                   0x07fc1211   Thumb Code    12  otp_hdr.o(.text)
    syscntl_use_lowest_amba_clocks           0x07fc1221   Thumb Code    22  syscntl.o(.text)
    syscntl_use_highest_amba_clocks          0x07fc1237   Thumb Code    22  syscntl.o(.text)
    syscntl_cfg_xtal32m_amp_reg              0x07fc124d   Thumb Code    16  syscntl.o(.text)
    syscntl_por_vbat_high_cfg                0x07fc1265   Thumb Code    28  syscntl.o(.text)
    syscntl_por_vbat_low_cfg                 0x07fc128d   Thumb Code    28  syscntl.o(.text)
    syscntl_dcdc_get_level                   0x07fc12b5   Thumb Code    20  syscntl.o(.text)
    syscntl_dcdc_set_level                   0x07fc12cd   Thumb Code    36  syscntl.o(.text)
    syscntl_dcdc_turn_off                    0x07fc12fd   Thumb Code    72  syscntl.o(.text)
    syscntl_dcdc_turn_on_in_boost            0x07fc1351   Thumb Code    80  syscntl.o(.text)
    syscntl_dcdc_turn_on_in_buck             0x07fc13d1   Thumb Code    36  syscntl.o(.text)
    GPIO_init                                0x07fc13f9   Thumb Code   184  gpio.o(.text)
    GPIO_SetPinFunction                      0x07fc14b5   Thumb Code    56  gpio.o(.text)
    GPIO_GetPinFunction                      0x07fc14f5   Thumb Code    16  gpio.o(.text)
    GPIO_ConfigurePin                        0x07fc1509   Thumb Code    80  gpio.o(.text)
    GPIO_SetActive                           0x07fc155d   Thumb Code    52  gpio.o(.text)
    GPIO_SetInactive                         0x07fc1599   Thumb Code    52  gpio.o(.text)
    GPIO_ConfigurePinPower                   0x07fc15d5   Thumb Code    60  gpio.o(.text)
    GPIO_GetPinStatus                        0x07fc1619   Thumb Code    52  gpio.o(.text)
    GPIO_is_valid                            0x07fc1655   Thumb Code    20  gpio.o(.text)
    GPIO_EnableIRQ                           0x07fc1669   Thumb Code   248  gpio.o(.text)
    GPIO_GetIRQInputLevel                    0x07fc179d   Thumb Code   140  gpio.o(.text)
    GPIO_SetIRQInputLevel                    0x07fc182d   Thumb Code    32  gpio.o(.text)
    GPIO_ResetIRQ                            0x07fc1851   Thumb Code    32  gpio.o(.text)
    GPIO_RegisterCallback                    0x07fc1875   Thumb Code    24  gpio.o(.text)
    GPIOn_Handler                            0x07fc1891   Thumb Code    48  gpio.o(.text)
    GPIO0_Handler                            0x07fc18c9   Thumb Code    10  gpio.o(.text)
    GPIO1_Handler                            0x07fc18d3   Thumb Code    10  gpio.o(.text)
    GPIO2_Handler                            0x07fc18dd   Thumb Code    10  gpio.o(.text)
    GPIO3_Handler                            0x07fc18e7   Thumb Code    10  gpio.o(.text)
    GPIO4_Handler                            0x07fc18f1   Thumb Code    10  gpio.o(.text)
    GPIO_EnablePorPin                        0x07fc18fd   Thumb Code    48  gpio.o(.text)
    GPIO_DisablePorPin                       0x07fc1931   Thumb Code     8  gpio.o(.text)
    GPIO_SetPorTime                          0x07fc193d   Thumb Code    12  gpio.o(.text)
    GPIO_GetPorTime                          0x07fc194d   Thumb Code    12  gpio.o(.text)
    WKUP_QUADEC_Handler                      0x07fc195d   Thumb Code   148  wkupct_quadec.o(.text)
    wkupct_enable_irq                        0x07fc1a05   Thumb Code    76  wkupct_quadec.o(.text)
    wkupct2_enable_irq                       0x07fc1a61   Thumb Code    80  wkupct_quadec.o(.text)
    wkupct_disable_irq                       0x07fc1ac1   Thumb Code    24  wkupct_quadec.o(.text)
    wkupct2_disable_irq                      0x07fc1b19   Thumb Code    24  wkupct_quadec.o(.text)
    wkupct_register_callback                 0x07fc1b39   Thumb Code     8  wkupct_quadec.o(.text)
    wkupct2_register_callback                0x07fc1b45   Thumb Code     8  wkupct_quadec.o(.text)
    quad_decoder_register_callback           0x07fc1b51   Thumb Code     8  wkupct_quadec.o(.text)
    quad_decoder_init                        0x07fc1b5d   Thumb Code    56  wkupct_quadec.o(.text)
    quad_decoder_release                     0x07fc1ba1   Thumb Code    24  wkupct_quadec.o(.text)
    quad_decoder_disable_irq                 0x07fc1bc5   Thumb Code    20  wkupct_quadec.o(.text)
    quad_decoder_enable_irq                  0x07fc1bdd   Thumb Code    44  wkupct_quadec.o(.text)
    quad_decoder_clear_irq                   0x07fc1c19   Thumb Code    44  wkupct_quadec.o(.text)
    adc_init                                 0x07fc1c4d   Thumb Code   328  adc_531.o(.text)
    adc_enable                               0x07fc1db9   Thumb Code    12  adc_531.o(.text)
    adc_reset                                0x07fc1dc9   Thumb Code    32  adc_531.o(.text)
    adc_input_shift_enable                   0x07fc1df1   Thumb Code    20  adc_531.o(.text)
    adc_input_shift_disable                  0x07fc1e09   Thumb Code    12  adc_531.o(.text)
    adc_input_shift_config                   0x07fc1e19   Thumb Code    36  adc_531.o(.text)
    adc_set_se_input                         0x07fc1e45   Thumb Code    16  adc_531.o(.text)
    adc_set_diff_input                       0x07fc1e59   Thumb Code    16  adc_531.o(.text)
    adc_register_interrupt                   0x07fc1e6d   Thumb Code    40  adc_531.o(.text)
    adc_unregister_interrupt                 0x07fc1ea5   Thumb Code    36  adc_531.o(.text)
    adc_disable                              0x07fc1ed9   Thumb Code    12  adc_531.o(.text)
    adc_start                                0x07fc1ee9   Thumb Code    12  adc_531.o(.text)
    adc_get_sample                           0x07fc1ef9   Thumb Code    24  adc_531.o(.text)
    adc_offset_calibrate                     0x07fc1f15   Thumb Code   272  adc_531.o(.text)
    ADC_Handler                              0x07fc2041   Thumb Code    20  adc_531.o(.text)
    adc_correct_sample                       0x07fc205d   Thumb Code   128  adc_531.o(.text)
    adc_temp_sensor_enable                   0x07fc20ed   Thumb Code    24  adc_531.o(.text)
    adc_get_temp                             0x07fc2109   Thumb Code    32  adc_531.o(.text)
    adc_get_temp_async                       0x07fc216d   Thumb Code    36  adc_531.o(.text)
    adc_store_offsets                        0x07fc2195   Thumb Code    20  adc_531.o(.text)
    adc_load_offsets                         0x07fc21b5   Thumb Code    48  adc_531.o(.text)
    adc_reset_offsets                        0x07fc21ed   Thumb Code    28  adc_531.o(.text)
    i2c_init                                 0x07fc2211   Thumb Code   192  i2c.o(.text)
    i2c_setup_master                         0x07fc22e5   Thumb Code    64  i2c.o(.text)
    i2c_setup_slave                          0x07fc2329   Thumb Code    48  i2c.o(.text)
    i2c_release                              0x07fc235d   Thumb Code    28  i2c.o(.text)
    i2c_master_transmit_buffer_sync          0x07fc2381   Thumb Code   108  i2c.o(.text)
    i2c_master_receive_buffer_sync           0x07fc23f5   Thumb Code   128  i2c.o(.text)
    i2c_master_transmit_buffer_async         0x07fc247d   Thumb Code    52  i2c.o(.text)
    i2c_register_int                         0x07fc24bd   Thumb Code    12  i2c.o(.text)
    i2c_master_receive_buffer_async          0x07fc255d   Thumb Code    36  i2c.o(.text)
    i2c_slave_receive_buffer_sync            0x07fc2601   Thumb Code    32  i2c.o(.text)
    i2c_slave_transmit_buffer_sync           0x07fc2629   Thumb Code    68  i2c.o(.text)
    i2c_slave_receive_buffer_async           0x07fc2675   Thumb Code    28  i2c.o(.text)
    i2c_slave_transmit_buffer_async          0x07fc26f1   Thumb Code    32  i2c.o(.text)
    i2c_unregister_int                       0x07fc27b1   Thumb Code    20  i2c.o(.text)
    I2C_Handler                              0x07fc27d1   Thumb Code    28  i2c.o(.text)
    hw_otpc_is_dcdc_reserved                 0x07fc2859   Thumb Code     8  hw_otpc_531.o(.text)
    hw_otpc_clear_dcdc_reserved              0x07fc2865   Thumb Code     8  hw_otpc_531.o(.text)
    hw_otpc_init                             0x07fc2871   Thumb Code    92  hw_otpc_531.o(.text)
    hw_otpc_set_speed                        0x07fc28dd   Thumb Code    28  hw_otpc_531.o(.text)
    hw_otpc_enter_mode                       0x07fc2911   Thumb Code    64  hw_otpc_531.o(.text)
    hw_otpc_word_prog_and_verify             0x07fc2995   Thumb Code    80  hw_otpc_531.o(.text)
    hw_otpc_word_read                        0x07fc29e9   Thumb Code    38  hw_otpc_531.o(.text)
    hw_otpc_prog                             0x07fc2a11   Thumb Code    72  hw_otpc_531.o(.text)
    hw_otpc_prog_and_verify                  0x07fc2a5d   Thumb Code    76  hw_otpc_531.o(.text)
    hw_otpc_read                             0x07fc2aed   Thumb Code    58  hw_otpc_531.o(.text)
    hw_otpc_disable                          0x07fc2b29   Thumb Code   108  hw_otpc_531.o(.text)
    UART2_Handler                            0x07fc2bad   Thumb Code   192  uart.o(.text)
    uart_enable                              0x07fc2c79   Thumb Code    52  uart.o(.text)
    uart_disable                             0x07fc2cb5   Thumb Code    56  uart.o(.text)
    uart_baudrate_setf                       0x07fc2cf5   Thumb Code    36  uart.o(.text)
    uart_register_tx_cb                      0x07fc2d19   Thumb Code    20  uart.o(.text)
    uart_register_rx_cb                      0x07fc2d35   Thumb Code    20  uart.o(.text)
    uart_register_err_cb                     0x07fc2d51   Thumb Code    20  uart.o(.text)
    uart_initialize                          0x07fc2d6d   Thumb Code   176  uart.o(.text)
    uart_write_byte                          0x07fc2e25   Thumb Code    10  uart.o(.text)
    uart_write_buffer                        0x07fc2e2f   Thumb Code    28  uart.o(.text)
    uart_send                                0x07fc2e4d   Thumb Code    96  uart.o(.text)
    uart_wait_tx_finish                      0x07fc2edd   Thumb Code     8  uart.o(.text)
    uart_read_byte                           0x07fc2ee5   Thumb Code    12  uart.o(.text)
    uart_read_buffer                         0x07fc2ef1   Thumb Code    28  uart.o(.text)
    uart_receive                             0x07fc2f0d   Thumb Code    96  uart.o(.text)
    uart_enable_flow_control                 0x07fc2f7d   Thumb Code    32  uart.o(.text)
    uart_disable_flow_control                0x07fc2fa1   Thumb Code    80  uart.o(.text)
    init_rand_seed_from_trng                 0x07fc3035   Thumb Code   104  trng.o(.text)
    lld_sleep_compensate_func                0x07fc30b5   Thumb Code    64  rwble.o(.text)
    BLE_WAKEUP_LP_Handler                    0x07fc3109   Thumb Code    56  rwble.o(.text)
    power_up                                 0x07fc3155   Thumb Code    68  rwble.o(.text)
    rwble_isr                                0x07fc31a1   Thumb Code   236  rwble.o(.text)
    ble_tx_evt_handler                       0x07fc329d   Thumb Code     2  rwble.o(.text)
    ble_rx_evt_handler                       0x07fc329f   Thumb Code     2  rwble.o(.text)
    BLE_RF_DIAG_Handler                      0x07fc32a1   Thumb Code    60  rwble.o(.text)
    patched_ble_regs_push                    0x07fc32e5   Thumb Code    16  rwip.o(.text)
    patched_ble_regs_pop                     0x07fc32fd   Thumb Code    16  rwip.o(.text)
    rwip_sleep                               0x07fc3315   Thumb Code   372  rwip.o(.text)
    rf_reg_rd                                0x07fc34d1   Thumb Code     4  ble_arp.o(.text)
    rf_reg_wr                                0x07fc34d5   Thumb Code     2  ble_arp.o(.text)
    rf_init_func                             0x07fc34d9   Thumb Code   240  ble_arp.o(.text)
    rf_reinit_func                           0x07fc36e9   Thumb Code    92  ble_arp.o(.text)
    ble_init_arp_func                        0x07fc3775   Thumb Code    28  ble_arp.o(.text)
    rf_recalibration                         0x07fc37a1   Thumb Code    32  ble_arp.o(.text)
    set_recommended_settings                 0x07fc37ed   Thumb Code   364  rf_531.o(.text)
    dcoff_calibration                        0x07fc39d9   Thumb Code   208  rf_531.o(.text)
    kdtc_calibration                         0x07fc3ac5   Thumb Code   252  rf_531.o(.text)
    en_hclk                                  0x07fc3bf5   Thumb Code     8  rf_531.o(.text)
    kdtc_cal_init                            0x07fc3c01   Thumb Code   100  rf_531.o(.text)
    en_kdtc_cal_mod1                         0x07fc3c6d   Thumb Code     8  rf_531.o(.text)
    dis_hclk                                 0x07fc3c79   Thumb Code    16  rf_531.o(.text)
    en_adpll_tx                              0x07fc3c8d   Thumb Code    48  rf_531.o(.text)
    dis_adpll                                0x07fc3ccd   Thumb Code    36  rf_531.o(.text)
    en_kdtc_cal_mod0                         0x07fc3cfd   Thumb Code    24  rf_531.o(.text)
    dis_kdtc_cal                             0x07fc3d19   Thumb Code    12  rf_531.o(.text)
    kdtc_cal_end                             0x07fc3d29   Thumb Code    76  rf_531.o(.text)
    kdco_calibration                         0x07fc3d7d   Thumb Code   348  rf_531.o(.text)
    rf_calibration                           0x07fc3ef1   Thumb Code     8  rf_531.o(.text)
    rf_power_up                              0x07fc3ef9   Thumb Code     2  rf_531.o(.text)
    rf_power_down                            0x07fc3efb   Thumb Code     2  rf_531.o(.text)
    rf_adplldig_ldo_on                       0x07fc3efd   Thumb Code     8  rf_531.o(.text)
    rf_adplldig_txmod                        0x07fc3f09   Thumb Code    12  rf_531.o(.text)
    kdco_cal_init                            0x07fc3f19   Thumb Code    20  rf_531.o(.text)
    kdco_cal_end                             0x07fc3f35   Thumb Code    16  rf_531.o(.text)
    dis_kdco_cal                             0x07fc3f4d   Thumb Code    24  rf_531.o(.text)
    rf_ldo_cont_mode_en                      0x07fc3f69   Thumb Code    80  rf_531.o(.text)
    rf_adplldig_activate                     0x07fc3fbd   Thumb Code    20  rf_531.o(.text)
    rf_adplldig_deactivate                   0x07fc3fd5   Thumb Code    12  rf_531.o(.text)
    rf_pa_pwr_set                            0x07fc3fe5   Thumb Code     8  rf_531.o(.text)
    rf_pa_pwr_get                            0x07fc3ff1   Thumb Code     8  rf_531.o(.text)
    rf_nfm_is_enabled                        0x07fc3ffd   Thumb Code     8  rf_531.o(.text)
    rf_nfm_enable                            0x07fc4009   Thumb Code    24  rf_531.o(.text)
    rf_nfm_disable                           0x07fc4029   Thumb Code    20  rf_531.o(.text)
    prf_init_func                            0x07fc4205   Thumb Code    96  prf.o(.text)
    prf_create_func                          0x07fc4269   Thumb Code    48  prf.o(.text)
    default_advertise_operation              0x07fc42a1   Thumb Code     8  app_default_handlers.o(.text)
    default_app_on_init                      0x07fc42a9   Thumb Code    18  app_default_handlers.o(.text)
    default_app_on_connection                0x07fc42bd   Thumb Code    28  app_default_handlers.o(.text)
    default_app_on_disconnect                0x07fc42dd   Thumb Code     8  app_default_handlers.o(.text)
    default_app_on_set_dev_config_complete   0x07fc42e5   Thumb Code    16  app_default_handlers.o(.text)
    default_app_on_db_init_complete          0x07fc42f5   Thumb Code     8  app_default_handlers.o(.text)
    default_app_on_get_dev_name              0x07fc42fd   Thumb Code    20  app_default_handlers.o(.text)
    default_app_on_get_dev_appearance        0x07fc4315   Thumb Code     8  app_default_handlers.o(.text)
    default_app_on_get_dev_slv_pref_params   0x07fc4321   Thumb Code    18  app_default_handlers.o(.text)
    default_app_on_set_dev_info              0x07fc4335   Thumb Code    52  app_default_handlers.o(.text)
    default_app_update_params_request        0x07fc436d   Thumb Code    12  app_default_handlers.o(.text)
    default_app_generate_static_random_addr  0x07fc4379   Thumb Code    44  app_default_handlers.o(.text)
    default_app_generate_unique_static_random_addr 0x07fc43a5   Thumb Code   108  app_default_handlers.o(.text)
    app_db_init_next                         0x07fc4445   Thumb Code    76  app.o(.text)
    app_prf_enable                           0x07fc449d   Thumb Code    40  app.o(.text)
    app_init                                 0x07fc44c9   Thumb Code    48  app.o(.text)
    app_easy_gap_undirected_advertise_get_active 0x07fc4505   Thumb Code     8  app.o(.text)
    app_easy_gap_undirected_advertise_start  0x07fc4579   Thumb Code    28  app.o(.text)
    app_easy_gap_directed_advertise_get_active 0x07fc4599   Thumb Code     8  app.o(.text)
    app_easy_gap_directed_advertise_start    0x07fc4619   Thumb Code    28  app.o(.text)
    app_easy_gap_non_connectable_advertise_get_active 0x07fc4639   Thumb Code     8  app.o(.text)
    app_easy_gap_non_connectable_advertise_start 0x07fc46ad   Thumb Code    36  app.o(.text)
    app_easy_gap_undirected_advertise_with_timeout_start 0x07fc46d5   Thumb Code    40  app.o(.text)
    app_easy_gap_advertise_with_timeout_stop 0x07fc4721   Thumb Code    24  app.o(.text)
    app_easy_gap_param_update_get_active     0x07fc473d   Thumb Code     8  app.o(.text)
    app_easy_gap_param_update_start          0x07fc4791   Thumb Code    24  app.o(.text)
    app_easy_gap_start_connection_to_get_active 0x07fc47ad   Thumb Code     8  app.o(.text)
    app_easy_gap_start_connection_to_set     0x07fc4801   Thumb Code    38  app.o(.text)
    app_easy_gap_start_connection_to         0x07fc4829   Thumb Code    20  app.o(.text)
    app_easy_gap_dev_config_get_active       0x07fc4841   Thumb Code     8  app.o(.text)
    app_easy_gap_dev_configure               0x07fc48b9   Thumb Code    20  app.o(.text)
    app_easy_gap_get_peer_features           0x07fc48d1   Thumb Code    28  app.o(.text)
    app_gap_process_handler                  0x07fc48f1   Thumb Code    28  app_task.o(.text)
    app_dis_init                             0x07fc4b0d   Thumb Code     2  app_diss.o(.text)
    app_diss_create_db                       0x07fc4b11   Thumb Code    52  app_diss.o(.text)
    app_diss_process_handler                 0x07fc4b49   Thumb Code    28  app_diss_task.o(.text)
    app_check_BLE_active                     0x07fc4c21   Thumb Code    32  app_msg_utils.o(.text)
    app_msg_send_wakeup_ble                  0x07fc4c4d   Thumb Code    24  app_msg_utils.o(.text)
    app_timer_api_process_handler            0x07fc4c65   Thumb Code   228  app_easy_timer.o(.text)
    app_easy_timer                           0x07fc4d65   Thumb Code    60  app_easy_timer.o(.text)
    app_easy_timer_cancel                    0x07fc4de5   Thumb Code    76  app_easy_timer.o(.text)
    app_easy_timer_modify                    0x07fc4e41   Thumb Code   104  app_easy_timer.o(.text)
    app_easy_timer_cancel_all                0x07fc4ebd   Thumb Code    40  app_easy_timer.o(.text)
    custs_get_func_callbacks                 0x07fc4eed   Thumb Code    24  app_customs.o(.text)
    app_custs1_init                          0x07fc4f09   Thumb Code     2  app_customs.o(.text)
    app_custs1_create_db                     0x07fc4f0d   Thumb Code    52  app_customs.o(.text)
    app_custs1_process_handler               0x07fc4f45   Thumb Code    26  app_customs_task.o(.text)
    GPIO_reservations                        0x07fc4f61   Thumb Code   184  user_periph_setup.o(.text)
    set_pad_functions                        0x07fc5021   Thumb Code    64  user_periph_setup.o(.text)
    periph_init                              0x07fc5065   Thumb Code    32  user_periph_setup.o(.text)
    user_svc1_ctrl_wr_ind_handler            0x07fc5089   Thumb Code    56  user_custs1_impl.o(.text)
    app_adcval1_timer_cb_handler             0x07fc50c9   Thumb Code    84  user_custs1_impl.o(.text)
    user_svc1_led_wr_ind_handler             0x07fc512d   Thumb Code    48  user_custs1_impl.o(.text)
    user_svc1_long_val_cfg_ind_handler       0x07fc515d   Thumb Code    68  user_custs1_impl.o(.text)
    user_svc1_long_val_wr_ind_handler        0x07fc51ad   Thumb Code     2  user_custs1_impl.o(.text)
    user_svc1_long_val_ntf_cfm_handler       0x07fc51af   Thumb Code     2  user_custs1_impl.o(.text)
    user_svc1_adc_val_1_cfg_ind_handler      0x07fc51b1   Thumb Code     2  user_custs1_impl.o(.text)
    user_svc1_adc_val_1_ntf_cfm_handler      0x07fc51b3   Thumb Code     2  user_custs1_impl.o(.text)
    user_svc1_button_cfg_ind_handler         0x07fc51b5   Thumb Code     2  user_custs1_impl.o(.text)
    user_svc1_button_ntf_cfm_handler         0x07fc51b7   Thumb Code     2  user_custs1_impl.o(.text)
    user_svc1_indicateable_cfg_ind_handler   0x07fc51b9   Thumb Code     2  user_custs1_impl.o(.text)
    user_svc1_indicateable_ind_cfm_handler   0x07fc51bb   Thumb Code     2  user_custs1_impl.o(.text)
    user_svc1_long_val_att_info_req_handler  0x07fc51bd   Thumb Code    48  user_custs1_impl.o(.text)
    user_svc1_rest_att_info_req_handler      0x07fc51f5   Thumb Code    48  user_custs1_impl.o(.text)
    hx711_read                               0x07fc522d   Thumb Code    88  user_custs1_impl.o(.text)
    user_svc3_read_non_db_val_handler        0x07fc5291   Thumb Code    72  user_custs1_impl.o(.text)
    user_app_init                            0x07fc52dd   Thumb Code    52  user_peripheral.o(.text)
    user_app_adv_start                       0x07fc532d   Thumb Code   132  user_peripheral.o(.text)
    user_app_connection                      0x07fc53bd   Thumb Code    80  user_peripheral.o(.text)
    user_app_adv_undirect_complete           0x07fc5419   Thumb Code    12  user_peripheral.o(.text)
    user_app_disconnect                      0x07fc5425   Thumb Code    28  user_peripheral.o(.text)
    user_catch_rest_hndl                     0x07fc5445   Thumb Code   308  user_peripheral.o(.text)
    JT_lld_test_mode_rx_func                 0x07fc5629   Thumb Code   142  patch_1.o(.text)
    JT_l2cc_pdu_unpack_func                  0x07fc56b7   Thumb Code   786  patch_1.o(.text)
    JT_l2cc_pdu_recv_ind_handler_func        0x07fc59c9   Thumb Code    72  patch_1.o(.text)
    PATCHED_llm_con_req_ind                  0x07fc5a11   Thumb Code   814  patch_1.o(.text)
    PATCHED_smpc_recv_pair_rand_pdu          0x07fc5d3f   Thumb Code   272  patch_1.o(.text)
    PATCHED_smpc_recv_public_key_exchange_pdu 0x07fc5e4f   Thumb Code   106  patch_1.o(.text)
    PATCHED_llc_data_ind_handler             0x07fc5eb9   Thumb Code   176  patch_1.o(.text)
    lld_drop_packet_fix                      0x07fc5f69   Thumb Code    64  patch_1.o(.text)
    PATCHED_lld_data_ind_handler             0x07fc5fa9   Thumb Code    58  patch_1.o(.text)
    patch_data1                              0x07fc5fe3   Thumb Code    12  patch_1.o(.text)
    patch_data2                              0x07fc5fef   Thumb Code     2  patch_1.o(.text)
    patch_global_vars_init                   0x07fc5ff1   Thumb Code     2  patch_1.o(.text)
    rf_ldo_calibration                       0x07fc6385   Thumb Code    36  rf_ldo_calibration.o(.text)
    enable_rf_diag_irq                       0x07fc63d5   Thumb Code    92  rf_diag.o(.text)
    _WAIT                                    0x07fc6441   Thumb Code    10  common.o(.text)
    _WAIT10                                  0x07fc644b   Thumb Code    10  common.o(.text)
    _WAIT100                                 0x07fc6455   Thumb Code    10  common.o(.text)
    _WAIT400                                 0x07fc645f   Thumb Code    10  common.o(.text)
    _WAIT1000                                0x07fc6469   Thumb Code    10  common.o(.text)
    arch_asm_delay_us                        0x07fc647d   Thumb Code    32  arch_asm.o(.text)
    __scatterload                            0x07fc649d   Thumb Code    38  init.o(.text)
    __scatterload_rt2                        0x07fc649d   Thumb Code     0  init.o(.text)
    HardFault_HandlerC                       0x07fc64cd   Thumb Code   132  hardfault_handler.o(.text.HardFault_HandlerC)
    NMI_HandlerC                             0x07fc6555   Thumb Code   164  nmi_handler.o(.text.NMI_HandlerC)
    __scatterload_copy                       0x07fc6611   Thumb Code    14  handlers.o(i.__scatterload_copy)
    __scatterload_null                       0x07fc661f   Thumb Code     2  handlers.o(i.__scatterload_null)
    __scatterload_zeroinit                   0x07fc6621   Thumb Code    14  handlers.o(i.__scatterload_zeroinit)
    SystemInit                               0x07fc6631   Thumb Code   116  system_da14531.o(system_DA14xxx)
    app_process_handlers                     0x07fc6808   Data          20  app_entry_point.o(.rodata.app_process_handlers)
    arp_init_table                           0x07fc681c   Data         112  ble_arp.o(.rodata.arp_init_table)
    catch_rest                               0x07fc6894   Data           4  app_entry_point.o(.rodata.catch_rest)
    cust_prf_funcs                           0x07fc6898   Data          56  user_custs_config.o(.rodata.cust_prf_funcs)
    custs1_att_db                            0x07fc68d0   Data         960  user_custs1_def.o(.rodata.custs1_att_db)
    custs1_default_handler                   0x07fc6c90   Data           8  custs1_task.o(.rodata.custs1_default_handler)
    custs1_default_state                     0x07fc6c98   Data          72  custs1_task.o(.rodata.custs1_default_state)
    custs1_services                          0x07fc6ce0   Data           4  user_custs1_def.o(.rodata.custs1_services)
    custs1_services_size                     0x07fc6ce4   Data           1  user_custs1_def.o(.rodata.custs1_services_size)
    my_custom_msg_handlers                   0x07fc6d18   Data          24  system_library_531.o(.rodata.my_custom_msg_handlers)
    prf_funcs                                0x07fc6d40   Data          24  app.o(.rodata.prf_funcs)
    prf_if                                   0x07fc6d58   Data          24  prf.o(.rodata.prf_if)
    rom_app_task_cfg                         0x07fc6d70   Data          32  app_entry_point.o(.rodata.rom_app_task_cfg)
    rom_cfg_table_var                        0x07fc6d90   Data         236  jump_table.o(.rodata.rom_cfg_table_var)
    rom_chacha20_cfg                         0x07fc6e7c   Data          16  chacha20.o(.rodata.rom_chacha20_cfg)
    rom_cust_prf_cfg                         0x07fc6e8c   Data          16  custs1.o(.rodata.rom_cust_prf_cfg)
    rom_func_addr_table_var                  0x07fc6e9c   Data         380  jump_table.o(.rodata.rom_func_addr_table_var)
    rom_nvds_cfg                             0x07fc7018   Data           8  nvds.o(.rodata.rom_nvds_cfg)
    rom_prf_cfg                              0x07fc7020   Data          12  prf.o(.rodata.rom_prf_cfg)
    Region$$Table$$Base                      0x07fc7168   Number         0  anon$$obj.o(Region$$Table)
    Region$$Table$$Limit                     0x07fc7188   Number         0  anon$$obj.o(Region$$Table)
    pa_en_dcf_tx_setting                     0x07fc7188   Data           1  rf_531.o(.data.pa_en_dcf_tx_setting)
    startup_sleep_delay                      0x07fc718c   Data           4  arch_system.o(.data.startup_sleep_delay)
    twirq_reset_value                        0x07fc76b4   Data           4  arch_system.o(.bss..L_MergedGlobals.1)
    twirq_set_value                          0x07fc76b8   Data           4  arch_system.o(.bss..L_MergedGlobals.1)
    adc_val_1                                0x07fc76bc   Data           4  user_peripheral.o(.bss.adc_val_1)
    calibration_res                          0x07fc76c2   Data          42  rf_531.o(.bss.calibration_res)
    otp_hdr_timestamp                        0x07fc76f0   Data           4  arch_system.o(.bss.otp_hdr_timestamp)
    syscntl_dcdc_state                       0x07fc76f4   Data           2  syscntl.o(.bss.syscntl_dcdc_state)
    twext_value                              0x07fc76f8   Data           4  rwip.o(.bss.twext_value)
    __initial_sp                             0x07fc7e00   Data           0  startup_da14531.o(STACK)
    rwip_heap_non_ret                        0x07fc7e00   Data        1036  jump_table.o(.bss.heap_mem_area_not_ret)
    clk_freq_trim_reg_value                  0x07fc8bc8   Data           2  arch_system.o(.bss.retention_mem_area0)
    lp_clk_sel                               0x07fc8bcc   Data           4  arch_system.o(.bss.retention_mem_area0)
    force_rf_cal                             0x07fc8bd0   Data           1  arch_system.o(.bss.retention_mem_area0)
    iq_trim_bias_ctrl1_reg                   0x07fc8bd2   Data           2  arch_system.o(.bss.retention_mem_area0)
    iq_trim_rf_mixer_ctrl1_reg               0x07fc8bd4   Data           2  arch_system.o(.bss.retention_mem_area0)
    heap_usage_env                           0x07fc8bd6   Data           8  arch_system.o(.bss.retention_mem_area0)
    heap_usage_db                            0x07fc8bde   Data           8  arch_system.o(.bss.retention_mem_area0)
    heap_usage_msg                           0x07fc8be6   Data           8  arch_system.o(.bss.retention_mem_area0)
    heap_usage_nonRet                        0x07fc8bee   Data           8  arch_system.o(.bss.retention_mem_area0)
    rcx_cal_in_progress                      0x07fc8bf8   Data           1  arch_system.o(.bss.retention_mem_area0)
    rf_cal_last_temp                         0x07fc8bf9   Data           1  arch_system.o(.bss.retention_mem_area0)
    sys_startup_flag                         0x07fc8bfa   Data           1  arch_system.o(.bss.retention_mem_area0)
    xtal_wait_trim                           0x07fc8bfc   Data           2  arch_system.o(.bss.retention_mem_area0)
    arch_wkupct_deb_time                     0x07fc8bfe   Data           2  arch_system.o(.bss.retention_mem_area0)
    last_time                                0x07fc8c00   Data           4  arch_system.o(.bss.retention_mem_area0)
    dev_bdaddr                               0x07fc8c08   Data           6  arch_system.o(.bss.retention_mem_area0)
    rcx_time_data                            0x07fc8c10   Data          16  arch_system.o(.bss.retention_mem_area0)
    heap_log                                 0x07fc8c20   Data           2  system_library_531.o(.bss.retention_mem_area0)
    lld_force_timeout_refresh                0x07fc8c22   Data           3  system_library_531.o(.bss.retention_mem_area0)
    skip_slave_latency_mask                  0x07fc8c25   Data           1  system_library_531.o(.bss.retention_mem_area0)
    otp_cs                                   0x07fc8c28   Data         108  otp_cs.o(.bss.retention_mem_area0)
    GPIOHandlerFunction                      0x07fc8c98   Data          20  gpio.o(.bss.retention_mem_area0)
    GPIO_status                              0x07fc8cb0   Data           8  gpio.o(.bss.retention_mem_area0)
    GPIO                                     0x07fc8cb8   Data          48  gpio.o(.bss.retention_mem_area0)
    dcdc_reserved                            0x07fc8d34   Data           1  hw_otpc_531.o(.bss.retention_mem_area0)
    rf_ldo_calibrated_value                  0x07fc8d78   Data           1  rwble.o(.bss.retention_mem_area0)
    arch_rwble_last_event                    0x07fc8d79   Data           1  rwble.o(.bss.retention_mem_area0)
    set_boost_low_vbat1v_overhead            0x07fc8d7a   Data           1  rwble.o(.bss.retention_mem_area0)
    ble_finetim_corr                         0x07fc8d7c   Data           4  rwble.o(.bss.retention_mem_area0)
    retained_BLE_EM_BASE_REG                 0x07fc8d80   Data           4  rwip.o(.bss.retention_mem_area0)
    sleep_lp_cycles                          0x07fc8d84   Data           4  rwip.o(.bss.retention_mem_area0)
    slp_period_retained                      0x07fc8d88   Data           4  rwip.o(.bss.retention_mem_area0)
    rf_ldo_calibration_pending               0x07fc8d8c   Data           1  ble_arp.o(.bss.retention_mem_area0)
    rf_ldo_init_value                        0x07fc8d8d   Data           1  ble_arp.o(.bss.retention_mem_area0)
    rf_tx_pwr_lvl                            0x07fc8d90   Data           1  rf_531.o(.bss.retention_mem_area0)
    prf_env                                  0x07fc8d98   Data          48  prf.o(.bss.retention_mem_area0)
    app_prf_srv_perm                         0x07fc8dd8   Data          20  app.o(.bss.retention_mem_area0)
    app_env                                  0x07fc8df4   Data          12  app.o(.bss.retention_mem_area0)
    device_info                              0x07fc8e00   Data          36  app.o(.bss.retention_mem_area0)
    app_state                                0x07fc8e24   Data           1  app_task.o(.bss.retention_mem_area0)
    timer_used                               0x07fc8e78   Data           2  user_custs1_impl.o(.bss.retention_mem_area0)
    indication_counter                       0x07fc8e7a   Data           2  user_custs1_impl.o(.bss.retention_mem_area0)
    non_db_val_counter                       0x07fc8e7c   Data           2  user_custs1_impl.o(.bss.retention_mem_area0)
    app_param_update_request_timer_used      0x07fc8e7e   Data           1  user_peripheral.o(.bss.retention_mem_area0)
    stored_adv_data_len                      0x07fc8e7f   Data           1  user_peripheral.o(.bss.retention_mem_area0)
    stored_scan_rsp_data_len                 0x07fc8e80   Data           1  user_peripheral.o(.bss.retention_mem_area0)
    app_adv_data_update_timer_used           0x07fc8e81   Data           1  user_peripheral.o(.bss.retention_mem_area0)
    app_connection_idx                       0x07fc8e82   Data           1  user_peripheral.o(.bss.retention_mem_area0)
    mnf_data_index                           0x07fc8e83   Data           1  user_peripheral.o(.bss.retention_mem_area0)
    mnf_data                                 0x07fc8e84   Data           6  user_peripheral.o(.bss.retention_mem_area0)
    stored_adv_data                          0x07fc8e8a   Data          31  user_peripheral.o(.bss.retention_mem_area0)
    stored_scan_rsp_data                     0x07fc8ea9   Data          31  user_peripheral.o(.bss.retention_mem_area0)
    Image$$RET_HEAP_DB$$Base                 0x07fc8ec8   Number         0  anon$$obj.o ABSOLUTE
    rwip_heap_db_ret                         0x07fc8ec8   Data        1036  jump_table.o(.bss.heap_db_area)
    rwip_heap_env_ret                        0x07fc92d4   Data         696  jump_table.o(.bss.heap_env_area)
    rwip_heap_msg_ret                        0x07fc958c   Data        1404  jump_table.o(.bss.heap_msg_area)
    dummy                                    0x07fc9c00   Data           0  da14531_symbols.txt ABSOLUTE
    trng_state_val                           0x07fcb89c   Data           4  trng.o(.bss.trng_state)
    ble_wakeup_executed                      0x07fcb900   Data           0  da14531_symbols.txt ABSOLUTE
    rf_in_sleep                              0x07fcb901   Data           0  da14531_symbols.txt ABSOLUTE
    custom_preinit                           0x07fcb904   Data           0  da14531_symbols.txt ABSOLUTE
    custom_postinit                          0x07fcb908   Data           0  da14531_symbols.txt ABSOLUTE
    custom_appinit                           0x07fcb90c   Data           0  da14531_symbols.txt ABSOLUTE
    custom_preloop                           0x07fcb910   Data           0  da14531_symbols.txt ABSOLUTE
    custom_preschedule                       0x07fcb914   Data           0  da14531_symbols.txt ABSOLUTE
    custom_postschedule                      0x07fcb918   Data           0  da14531_symbols.txt ABSOLUTE
    custom_postschedule_async                0x07fcb91c   Data           0  da14531_symbols.txt ABSOLUTE
    custom_presleepcheck                     0x07fcb920   Data           0  da14531_symbols.txt ABSOLUTE
    custom_appsleepset                       0x07fcb924   Data           0  da14531_symbols.txt ABSOLUTE
    custom_postsleepcheck                    0x07fcb928   Data           0  da14531_symbols.txt ABSOLUTE
    custom_presleepenter                     0x07fcb92c   Data           0  da14531_symbols.txt ABSOLUTE
    custom_postsleepexit                     0x07fcb930   Data           0  da14531_symbols.txt ABSOLUTE
    custom_prewakeup                         0x07fcb934   Data           0  da14531_symbols.txt ABSOLUTE
    custom_postwakeup                        0x07fcb938   Data           0  da14531_symbols.txt ABSOLUTE
    custom_preidlecheck                      0x07fcb93c   Data           0  da14531_symbols.txt ABSOLUTE
    custom_pti_set                           0x07fcb940   Data           0  da14531_symbols.txt ABSOLUTE
    REG_BLE_EM_TX_BUFFER_SIZE                0x07fcb944   Data           0  da14531_symbols.txt ABSOLUTE
    REG_BLE_EM_RX_BUFFER_SIZE                0x07fcb948   Data           0  da14531_symbols.txt ABSOLUTE
    _ble_base                                0x07fcb94c   Data           0  da14531_symbols.txt ABSOLUTE
    gap_cfg_user                             0x07fcb950   Data           0  da14531_symbols.txt ABSOLUTE
    rom_func_addr_table                      0x07fcb954   Data           0  da14531_symbols.txt ABSOLUTE
    rom_cfg_table                            0x07fcb958   Data           0  da14531_symbols.txt ABSOLUTE
    BLE_TX_DESC_DATA_USER                    0x07fcb95c   Data           0  da14531_symbols.txt ABSOLUTE
    BLE_TX_DESC_CNTL_USER                    0x07fcb960   Data           0  da14531_symbols.txt ABSOLUTE
    LLM_LE_ADV_DUMMY_IDX                     0x07fcb964   Data           0  da14531_symbols.txt ABSOLUTE
    LLM_LE_SCAN_CON_REQ_ADV_DIR_IDX          0x07fcb968   Data           0  da14531_symbols.txt ABSOLUTE
    LLM_LE_SCAN_RSP_IDX                      0x07fcb96c   Data           0  da14531_symbols.txt ABSOLUTE
    LLM_LE_ADV_IDX                           0x07fcb970   Data           0  da14531_symbols.txt ABSOLUTE
    length_exchange_needed                   0x07fcb974   Data           0  da14531_symbols.txt ABSOLUTE
    enh_con_cmp_cnt                          0x07fcb978   Data           0  da14531_symbols.txt ABSOLUTE
    rx_pkt_cnt                               0x07fcb980   Data           0  da14531_symbols.txt ABSOLUTE
    rx_pkt_cnt_bad                           0x07fcb984   Data           0  da14531_symbols.txt ABSOLUTE
    rx_pkt_cnt_bad_adv                       0x07fcb988   Data           0  da14531_symbols.txt ABSOLUTE
    rx_pkt_cnt_bad_scn                       0x07fcb98c   Data           0  da14531_symbols.txt ABSOLUTE
    rx_pkt_cnt_bad_oth                       0x07fcb990   Data           0  da14531_symbols.txt ABSOLUTE
    rx_pkt_cnt_bad_wo_sync_err               0x07fcb994   Data           0  da14531_symbols.txt ABSOLUTE
    rx_pkt_cnt_bad_con                       0x07fcb998   Data           0  da14531_symbols.txt ABSOLUTE
    connect_req_cnt                          0x07fcb99c   Data           0  da14531_symbols.txt ABSOLUTE
    last_status                              0x07fcb9a0   Data           0  da14531_symbols.txt ABSOLUTE
    llc_state                                0x07fcb9a4   Data           0  da14531_symbols.txt ABSOLUTE
    lld_sleep_env                            0x07fcb9a8   Data           0  da14531_symbols.txt ABSOLUTE
    lld_wlcoex_enable                        0x07fcb9ac   Data           0  da14531_symbols.txt ABSOLUTE
    ble_duplicate_filter_max                 0x07fcb9b0   Data           0  da14531_symbols.txt ABSOLUTE
    ble_duplicate_filter_found               0x07fcb9b1   Data           0  da14531_symbols.txt ABSOLUTE
    alter_conn_adv_all_cnt                   0x07fcb9b4   Data           0  da14531_symbols.txt ABSOLUTE
    alter_conn_adv_dir_cnt                   0x07fcb9b8   Data           0  da14531_symbols.txt ABSOLUTE
    alter_conn_adv_cnt                       0x07fcb9bc   Data           0  da14531_symbols.txt ABSOLUTE
    create_conn_cnt                          0x07fcb9c0   Data           0  da14531_symbols.txt ABSOLUTE
    alter_conn_cnt                           0x07fcb9c4   Data           0  da14531_symbols.txt ABSOLUTE
    alter_conn_restart_cnt                   0x07fcb9c8   Data           0  da14531_symbols.txt ABSOLUTE
    alter_conn_peer_addr                     0x07fcb9cc   Data           0  da14531_symbols.txt ABSOLUTE
    alter_conn_local_addr                    0x07fcb9d2   Data           0  da14531_symbols.txt ABSOLUTE
    set_adv_data_discard_old                 0x07fcb9d8   Data           0  da14531_symbols.txt ABSOLUTE
    llm_resolving_list_max                   0x07fcb9d9   Data           0  da14531_symbols.txt ABSOLUTE
    llm_local_le_feats                       0x07fcb9da   Data           0  da14531_symbols.txt ABSOLUTE
    llm_bt_env                               0x07fcb9e2   Data           0  da14531_symbols.txt ABSOLUTE
    init_tx_cnt_cntl_cnt1                    0x07fcb9ec   Data           0  da14531_symbols.txt ABSOLUTE
    init_tx_cnt_cntl_cnt                     0x07fcb9f0   Data           0  da14531_symbols.txt ABSOLUTE
    tx_cnt_cntl_cnt                          0x07fcb9f4   Data           0  da14531_symbols.txt ABSOLUTE
    llm_state                                0x07fcb9f8   Data           0  da14531_symbols.txt ABSOLUTE
    delay_us_cnt                             0x07fcb9fa   Data           0  da14531_symbols.txt ABSOLUTE
    gtl_state                                0x07fcb9fc   Data           0  da14531_symbols.txt ABSOLUTE
    use_h4tl                                 0x07fcb9fd   Data           0  da14531_symbols.txt ABSOLUTE
    hci_cmd_desc_root_tab                    0x07fcba00   Data           0  da14531_symbols.txt ABSOLUTE
    gattc_state                              0x07fcba30   Data           0  da14531_symbols.txt ABSOLUTE
    gattm_state                              0x07fcba33   Data           0  da14531_symbols.txt ABSOLUTE
    l2cc_state                               0x07fcba34   Data           0  da14531_symbols.txt ABSOLUTE
    l2cm_env                                 0x07fcba38   Data           0  da14531_symbols.txt ABSOLUTE
    gapc_state                               0x07fcba3e   Data           0  da14531_symbols.txt ABSOLUTE
    gapm_state                               0x07fcba41   Data           0  da14531_symbols.txt ABSOLUTE
    whitelist_fix                            0x07fcba42   Data           0  da14531_symbols.txt ABSOLUTE
    ecdh_key_creation_in_progress            0x07fcba44   Data           0  da14531_symbols.txt ABSOLUTE
    ke_free_bad                              0x07fcba48   Data           0  da14531_symbols.txt ABSOLUTE
    DISABLE_KE_TASK_ALTERNATIVE_SAVED_QUEUE  0x07fcba4c   Data           0  da14531_symbols.txt ABSOLUTE
    rwip_env                                 0x07fcba54   Data           0  da14531_symbols.txt ABSOLUTE
    _rand_state_ROM_DATA                     0x07fcba5c   Data           0  da14531_symbols.txt ABSOLUTE
    custom_msg_handlers                      0x07fcba60   Data           0  da14531_symbols.txt ABSOLUTE
    ble_reg_save                             0x07fcba64   Data           0  da14531_symbols.txt ABSOLUTE
    sleep_env                                0x07fcbab4   Data           0  da14531_symbols.txt ABSOLUTE
    uart_env                                 0x07fcbab8   Data           0  da14531_symbols.txt ABSOLUTE
    ke_mem_heaps_used                        0x07fcbadc   Data           0  da14531_symbols.txt ABSOLUTE
    co_buf_env                               0x07fcbae0   Data           0  da14531_symbols.txt ABSOLUTE
    llc_env                                  0x07fcbb78   Data           0  da14531_symbols.txt ABSOLUTE
    lld_evt_env                              0x07fcbb84   Data           0  da14531_symbols.txt ABSOLUTE
    llm_le_env                               0x07fcbbb0   Data           0  da14531_symbols.txt ABSOLUTE
    llm_local_cmds                           0x07fcbcb0   Data           0  da14531_symbols.txt ABSOLUTE
    gtl_env                                  0x07fcbd30   Data           0  da14531_symbols.txt ABSOLUTE
    hci_env                                  0x07fcbd78   Data           0  da14531_symbols.txt ABSOLUTE
    h4tl_env                                 0x07fcbd88   Data           0  da14531_symbols.txt ABSOLUTE
    gattc_env                                0x07fcbda0   Data           0  da14531_symbols.txt ABSOLUTE
    gattm_env                                0x07fcbdac   Data           0  da14531_symbols.txt ABSOLUTE
    l2cc_env                                 0x07fcbdd0   Data           0  da14531_symbols.txt ABSOLUTE
    ecdh_key                                 0x07fcbddc   Data           0  da14531_symbols.txt ABSOLUTE
    gapc_env                                 0x07fcbe3c   Data           0  da14531_symbols.txt ABSOLUTE
    gapm_env                                 0x07fcbe48   Data           0  da14531_symbols.txt ABSOLUTE
    ke_env                                   0x07fcbe74   Data           0  da14531_symbols.txt ABSOLUTE
    rwip_rf                                  0x07fcbf58   Data           0  da14531_symbols.txt ABSOLUTE



==============================================================================

Memory Map of the image

  Image Entry point : 0x07fc0111

  Load Region LR_IROM1 (Base: 0x07fc0000, Size: 0x000000a8, Max: 0x000000c0, ABSOLUTE)

    Execution Region ER_IROM1 (Exec base: 0x07fc0000, Load base: 0x07fc0000, Size: 0x000000a8, Max: 0x000000c0, ABSOLUTE)

    Exec Addr    Load Addr    Size         Type   Attr      Idx    E Section Name        Object

    0x07fc0000   0x07fc0000   0x000000a0   Data   RO           15    RESET               startup_da14531.o
    0x07fc00a0   0x07fc00a0   0x00000008   Data   RW          141    otp_cs_booter       otp_cs.o



  Load Region LR_IROM2 (Base: 0x07fc00c0, Size: 0x00000000, Max: 0x00000050, ABSOLUTE)

    Execution Region ER_IROM2 (Exec base: 0x07fc00c0, Load base: 0x07fc00c0, Size: 0x00000050, Max: 0x00000050, ABSOLUTE)

    Exec Addr    Load Addr    Size         Type   Attr      Idx    E Section Name        Object

    0x07fc00c0        -       0x00000050   Zero   RW            1    ER_IROM2.bss        anon$$obj.o



  Load Region LR_IROM3 (Base: 0x07fc0110, Size: 0x00007080, Max: 0x00008ab0, ABSOLUTE)

    Execution Region ER_IROM3 (Exec base: 0x07fc0110, Load base: 0x07fc0110, Size: 0x00007080, Max: 0x00008ab0, ABSOLUTE)

    Exec Addr    Load Addr    Size         Type   Attr      Idx    E Section Name        Object

    0x07fc0110   0x07fc0110   0x00000000   Code   RO          567  * .ARM.Collect$$$$00000000  mc_p.l(entry.o)
    0x07fc0110   0x07fc0110   0x00000004   Code   RO          568    .ARM.Collect$$$$00000001  mc_p.l(entry2.o)
    0x07fc0114   0x07fc0114   0x00000004   Code   RO          571    .ARM.Collect$$$$00000004  mc_p.l(entry5.o)
    0x07fc0118   0x07fc0118   0x00000000   Code   RO          573    .ARM.Collect$$$$00000008  mc_p.l(entry7b.o)
    0x07fc0118   0x07fc0118   0x00000000   Code   RO          575    .ARM.Collect$$$$0000000A  mc_p.l(entry8b.o)
    0x07fc0118   0x07fc0118   0x00000008   Code   RO          576    .ARM.Collect$$$$0000000B  mc_p.l(entry9a.o)
    0x07fc0120   0x07fc0120   0x00000000   Code   RO          578    .ARM.Collect$$$$0000000D  mc_p.l(entry10a.o)
    0x07fc0120   0x07fc0120   0x00000000   Code   RO          580    .ARM.Collect$$$$0000000F  mc_p.l(entry11a.o)
    0x07fc0120   0x07fc0120   0x00000004   Code   RO          569    .ARM.Collect$$$$00002712  mc_p.l(entry2.o)
    0x07fc0124   0x07fc0124   0x00000050   Code   RO           16    .text               startup_da14531.o
    0x07fc0174   0x07fc0174   0x000001bc   Code   RO           48    .text               arch_main.o
    0x07fc0330   0x07fc0330   0x00000068   Code   RO           58    .text               jump_table.o
    0x07fc0398   0x07fc0398   0x000002f4   Code   RO           72    .text               arch_sleep.o
    0x07fc068c   0x07fc068c   0x00000634   Code   RO           82    .text               arch_system.o
    0x07fc0cc0   0x07fc0cc0   0x00000184   Code   RO          103    .text               arch_rom.o
    0x07fc0e44   0x07fc0e44   0x00000060   Code   RO          127    .text               system_library_531.o
    0x07fc0ea4   0x07fc0ea4   0x0000036c   Code   RO          139    .text               otp_cs.o
    0x07fc1210   0x07fc1210   0x00000010   Code   RO          151    .text               otp_hdr.o
    0x07fc1220   0x07fc1220   0x000001d8   Code   RO          159    .text               syscntl.o
    0x07fc13f8   0x07fc13f8   0x00000564   Code   RO          168    .text               gpio.o
    0x07fc195c   0x07fc195c   0x000002f0   Code   RO          178    .text               wkupct_quadec.o
    0x07fc1c4c   0x07fc1c4c   0x000005c4   Code   RO          196    .text               adc_531.o
    0x07fc2210   0x07fc2210   0x00000648   Code   RO          227    .text               i2c.o
    0x07fc2858   0x07fc2858   0x00000354   Code   RO          247    .text               hw_otpc_531.o
    0x07fc2bac   0x07fc2bac   0x00000488   Code   RO          257    .text               uart.o
    0x07fc3034   0x07fc3034   0x00000080   Code   RO          267    .text               trng.o
    0x07fc30b4   0x07fc30b4   0x00000230   Code   RO          278    .text               rwble.o
    0x07fc32e4   0x07fc32e4   0x000001ec   Code   RO          287    .text               rwip.o
    0x07fc34d0   0x07fc34d0   0x0000031c   Code   RO          298    .text               ble_arp.o
    0x07fc37ec   0x07fc37ec   0x00000854   Code   RO          309    .text               rf_531.o
    0x07fc4040   0x07fc4040   0x000001c4   Code   RO          333    .text               custs1_task.o
    0x07fc4204   0x07fc4204   0x0000009c   Code   RO          343    .text               prf.o
    0x07fc42a0   0x07fc42a0   0x000001a4   Code   RO          354    .text               app_default_handlers.o
    0x07fc4444   0x07fc4444   0x000004ac   Code   RO          363    .text               app.o
    0x07fc48f0   0x07fc48f0   0x0000021c   Code   RO          376    .text               app_task.o
    0x07fc4b0c   0x07fc4b0c   0x0000003c   Code   RO          394    .text               app_diss.o
    0x07fc4b48   0x07fc4b48   0x000000d8   Code   RO          402    .text               app_diss_task.o
    0x07fc4c20   0x07fc4c20   0x00000044   Code   RO          423    .text               app_msg_utils.o
    0x07fc4c64   0x07fc4c64   0x00000288   Code   RO          441    .text               app_easy_timer.o
    0x07fc4eec   0x07fc4eec   0x00000058   Code   RO          451    .text               app_customs.o
    0x07fc4f44   0x07fc4f44   0x0000001a   Code   RO          459    .text               app_customs_task.o
    0x07fc4f5e   0x07fc4f5e   0x00000002   PAD
    0x07fc4f60   0x07fc4f60   0x00000128   Code   RO          528    .text               user_periph_setup.o
    0x07fc5088   0x07fc5088   0x00000254   Code   RO          536    .text               user_custs1_impl.o
    0x07fc52dc   0x07fc52dc   0x0000034c   Code   RO          545    .text               user_peripheral.o
    0x07fc5628   0x07fc5628   0x000009ec   Code   RO          556    .text               da14531.lib(patch_1.o)
    0x07fc6014   0x07fc6014   0x000003c0   Code   RO          558    .text               da14531.lib(rf_ldo_calibration.o)
    0x07fc63d4   0x07fc63d4   0x0000006c   Code   RO          561    .text               da14531.lib(rf_diag.o)
    0x07fc6440   0x07fc6440   0x0000003c   Code   RO          563    .text               da14531.lib(common.o)
    0x07fc647c   0x07fc647c   0x00000020   Code   RO          565    .text               da14531.lib(arch_asm.o)
    0x07fc649c   0x07fc649c   0x00000030   Code   RO          582    .text               mc_p.l(init.o)
    0x07fc64cc   0x07fc64cc   0x00000088   Code   RO           23    .text.HardFault_HandlerC  hardfault_handler.o
    0x07fc6554   0x07fc6554   0x000000bc   Code   RO           32    .text.NMI_HandlerC  nmi_handler.o
    0x07fc6610   0x07fc6610   0x0000000e   Code   RO          586    i.__scatterload_copy  mc_p.l(handlers.o)
    0x07fc661e   0x07fc661e   0x00000002   Code   RO          587    i.__scatterload_null  mc_p.l(handlers.o)
    0x07fc6620   0x07fc6620   0x0000000e   Code   RO          588    i.__scatterload_zeroinit  mc_p.l(handlers.o)
    0x07fc662e   0x07fc662e   0x00000002   PAD
    0x07fc6630   0x07fc6630   0x00000088   Code   RO            4    system_DA14xxx      system_da14531.o
    0x07fc66b8   0x07fc66b8   0x00000010   Data   RO          509    .rodata.SVC1_ADC_VAL_1_UUID_128  user_custs1_def.o
    0x07fc66c8   0x07fc66c8   0x00000010   Data   RO          511    .rodata.SVC1_ADC_VAL_2_UUID_128  user_custs1_def.o
    0x07fc66d8   0x07fc66d8   0x00000010   Data   RO          512    .rodata.SVC1_BUTTON_STATE_UUID_128  user_custs1_def.o
    0x07fc66e8   0x07fc66e8   0x00000010   Data   RO          505    .rodata.SVC1_CTRL_POINT_UUID_128  user_custs1_def.o
    0x07fc66f8   0x07fc66f8   0x00000010   Data   RO          513    .rodata.SVC1_INDICATEABLE_UUID_128  user_custs1_def.o
    0x07fc6708   0x07fc6708   0x00000010   Data   RO          508    .rodata.SVC1_LED_STATE_UUID_128  user_custs1_def.o
    0x07fc6718   0x07fc6718   0x00000010   Data   RO          514    .rodata.SVC1_LONG_VALUE_UUID_128  user_custs1_def.o
    0x07fc6728   0x07fc6728   0x00000010   Data   RO          516    .rodata.SVC2_WRITE_VAL_1_UUID_128  user_custs1_def.o
    0x07fc6738   0x07fc6738   0x00000010   Data   RO          517    .rodata.SVC2_WRITE_VAL_2_UUID_128  user_custs1_def.o
    0x07fc6748   0x07fc6748   0x00000010   Data   RO          519    .rodata.SVC3_READ_VAL_1_UUID_128  user_custs1_def.o
    0x07fc6758   0x07fc6758   0x00000010   Data   RO          520    .rodata.SVC3_READ_VAL_2_UUID_128  user_custs1_def.o
    0x07fc6768   0x07fc6768   0x00000010   Data   RO          521    .rodata.SVC3_READ_VAL_3_UUID_128  user_custs1_def.o
    0x07fc6778   0x07fc6778   0x00000010   Data   RO          522    .rodata.SVC3_READ_VAL_4_UUID_128  user_custs1_def.o
    0x07fc6788   0x07fc6788   0x00000010   Data   RO          367    .rodata.TASK_DESC_APP  app.o
    0x07fc6798   0x07fc6798   0x00000008   Data   RO          404    .rodata.app_diss_process_handlers  app_diss_task.o
    0x07fc67a0   0x07fc67a0   0x00000068   Data   RO          378    .rodata.app_gap_process_handlers  app_task.o
    0x07fc6808   0x07fc6808   0x00000014   Data   RO          415    .rodata.app_process_handlers  app_entry_point.o
    0x07fc681c   0x07fc681c   0x00000070   Data   RO          301    .rodata.arp_init_table  ble_arp.o
    0x07fc688c   0x07fc688c   0x00000002   Data   RO          504    .rodata.att_decl_char  user_custs1_def.o
    0x07fc688e   0x07fc688e   0x00000002   Data   RO          502    .rodata.att_decl_svc  user_custs1_def.o
    0x07fc6890   0x07fc6890   0x00000002   Data   RO          510    .rodata.att_desc_cfg  user_custs1_def.o
    0x07fc6892   0x07fc6892   0x00000002   Data   RO          506    .rodata.att_desc_user_desc  user_custs1_def.o
    0x07fc6894   0x07fc6894   0x00000004   Data   RO          416    .rodata.catch_rest  app_entry_point.o
    0x07fc6898   0x07fc6898   0x00000038   Data   RO          493    .rodata.cust_prf_funcs  user_custs_config.o
    0x07fc68d0   0x07fc68d0   0x000003c0   Data   RO          523    .rodata.custs1_att_db  user_custs1_def.o
    0x07fc6c90   0x07fc6c90   0x00000008   Data   RO          336    .rodata.custs1_default_handler  custs1_task.o
    0x07fc6c98   0x07fc6c98   0x00000048   Data   RO          335    .rodata.custs1_default_state  custs1_task.o
    0x07fc6ce0   0x07fc6ce0   0x00000004   Data   RO          499    .rodata.custs1_services  user_custs1_def.o
    0x07fc6ce4   0x07fc6ce4   0x00000001   Data   RO          500    .rodata.custs1_services_size  user_custs1_def.o
    0x07fc6ce5   0x07fc6ce5   0x00000010   Data   RO          503    .rodata.custs1_svc1  user_custs1_def.o
    0x07fc6cf5   0x07fc6cf5   0x00000010   Data   RO          515    .rodata.custs1_svc2  user_custs1_def.o
    0x07fc6d05   0x07fc6d05   0x00000010   Data   RO          518    .rodata.custs1_svc3  user_custs1_def.o
    0x07fc6d15   0x07fc6d15   0x00000003   PAD
    0x07fc6d18   0x07fc6d18   0x00000018   Data   RO          129    .rodata.my_custom_msg_handlers  system_library_531.o
    0x07fc6d30   0x07fc6d30   0x0000000e   Data   RO           42    .rodata.nvds_data_storage  nvds.o
    0x07fc6d3e   0x07fc6d3e   0x00000002   PAD
    0x07fc6d40   0x07fc6d40   0x00000018   Data   RO          365    .rodata.prf_funcs   app.o
    0x07fc6d58   0x07fc6d58   0x00000018   Data   RO          345    .rodata.prf_if      prf.o
    0x07fc6d70   0x07fc6d70   0x00000020   Data   RO          418    .rodata.rom_app_task_cfg  app_entry_point.o
    0x07fc6d90   0x07fc6d90   0x000000ec   Data   RO           65    .rodata.rom_cfg_table_var  jump_table.o
    0x07fc6e7c   0x07fc6e7c   0x00000010   Data   RO          113    .rodata.rom_chacha20_cfg  chacha20.o
    0x07fc6e8c   0x07fc6e8c   0x00000010   Data   RO          328    .rodata.rom_cust_prf_cfg  custs1.o
    0x07fc6e9c   0x07fc6e9c   0x0000017c   Data   RO           60    .rodata.rom_func_addr_table_var  jump_table.o
    0x07fc7018   0x07fc7018   0x00000008   Data   RO           43    .rodata.rom_nvds_cfg  nvds.o
    0x07fc7020   0x07fc7020   0x0000000c   Data   RO          347    .rodata.rom_prf_cfg  prf.o
    0x07fc702c   0x07fc702c   0x00000016   Data   RO          405    .rodata.str1.1      app_diss_task.o
    0x07fc7042   0x07fc7042   0x000000a9   Data   RO          507    .rodata.str1.1      user_custs1_def.o
    0x07fc70eb   0x07fc70eb   0x00000001   PAD
    0x07fc70ec   0x07fc70ec   0x00000026   Data   RO          366    .rodata.str1.4      app.o
    0x07fc7112   0x07fc7112   0x00000002   PAD
    0x07fc7114   0x07fc7114   0x00000054   Data   RO          417    .rodata.user_app_callbacks  app_entry_point.o
    0x07fc7168   0x07fc7168   0x00000020   Data   RO          585    Region$$Table       anon$$obj.o
    0x07fc7188   0x07fc7188   0x00000001   Data   RW          311    .data.pa_en_dcf_tx_setting  rf_531.o
    0x07fc7189   0x07fc7189   0x00000003   PAD
    0x07fc718c   0x07fc718c   0x00000004   Data   RW           84    .data.startup_sleep_delay  arch_system.o


    Execution Region ER_PRODTEST (Exec base: 0x07fc7190, Load base: 0x07fc7190, Size: 0x00000000, Max: 0xffffffff, ABSOLUTE, UNINIT)

    **** No section assigned to this execution region ****


    Execution Region ER_ZI (Exec base: 0x07fc7190, Load base: 0x07fc7190, Size: 0x00000c70, Max: 0xffffffff, ABSOLUTE)

    Exec Addr    Load Addr    Size         Type   Attr      Idx    E Section Name        Object

    0x07fc7190        -       0x00000510   Zero   RW          559    .bss                da14531.lib(rf_ldo_calibration.o)
    0x07fc76a0        -       0x00000014   Zero   RW          270    .bss..L_MergedGlobals  trng.o
    0x07fc76b4        -       0x00000008   Zero   RW           87    .bss..L_MergedGlobals.1  arch_system.o
    0x07fc76bc        -       0x00000004   Zero   RW          547    .bss.adc_val_1      user_peripheral.o
    0x07fc76c0        -       0x00000002   Zero   RW          199    .bss.cal_val        adc_531.o
    0x07fc76c2        -       0x0000002a   Zero   RW          312    .bss.calibration_res  rf_531.o
    0x07fc76ec        -       0x00000004   Zero   RW          313    .bss.fsm_ctrl_reg   rf_531.o
    0x07fc76f0        -       0x00000004   Zero   RW           85    .bss.otp_hdr_timestamp  arch_system.o
    0x07fc76f4        -       0x00000002   Zero   RW          161    .bss.syscntl_dcdc_state  syscntl.o
    0x07fc76f6   0x07fc7190   0x00000002   PAD
    0x07fc76f8        -       0x00000004   Zero   RW          290    .bss.twext_value    rwip.o
    0x07fc76fc        -       0x00000004   Zero   RW          143    .bss.txdiv_trim     otp_cs.o
    0x07fc7700        -       0x00000700   Zero   RW           13    STACK               startup_da14531.o


    Execution Region ER_NZI (Exec base: 0x07fc7e00, Load base: 0x07fc7190, Size: 0x0000040c, Max: 0xffffffff, ABSOLUTE, UNINIT)

    Exec Addr    Load Addr    Size         Type   Attr      Idx    E Section Name        Object

    0x07fc7e00        -       0x0000040c   Zero   RW           61    .bss.heap_mem_area_not_ret  jump_table.o


    Execution Region ER_STATEFUL_HIBERNATION (Exec base: 0x07fc820c, Load base: 0x07fc7190, Size: 0x00000000, Max: 0xffffffff, ABSOLUTE, UNINIT)

    **** No section assigned to this execution region ****



  Load Region LR_RETAINED_RAM0 (Base: 0x07fc8bc0, Size: 0x00000000, Max: 0x00001440, ABSOLUTE)

    Execution Region RET_DATA_UNINIT (Exec base: 0x07fc8bc0, Load base: 0x07fc8bc0, Size: 0x00000000, Max: 0x00000000, ABSOLUTE, UNINIT)

    **** No section assigned to this execution region ****


    Execution Region RET_DATA (Exec base: 0x07fc8bc0, Load base: 0x07fc8bc0, Size: 0x00000308, Max: 0x00000800, ABSOLUTE)

    Exec Addr    Load Addr    Size         Type   Attr      Idx    E Section Name        Object

    0x07fc8bc0        -       0x00000004   Zero   RW           74    .bss.retention_mem_area0  arch_sleep.o
    0x07fc8bc4   0x07fc8bc0   0x00000004   PAD
    0x07fc8bc8        -       0x00000058   Zero   RW           86    .bss.retention_mem_area0  arch_system.o
    0x07fc8c20        -       0x00000006   Zero   RW          130    .bss.retention_mem_area0  system_library_531.o
    0x07fc8c26   0x07fc8bc0   0x00000002   PAD
    0x07fc8c28        -       0x0000006c   Zero   RW          142    .bss.retention_mem_area0  otp_cs.o
    0x07fc8c94   0x07fc8bc0   0x00000004   PAD
    0x07fc8c98        -       0x00000050   Zero   RW          170    .bss.retention_mem_area0  gpio.o
    0x07fc8ce8        -       0x0000000c   Zero   RW          180    .bss.retention_mem_area0  wkupct_quadec.o
    0x07fc8cf4        -       0x00000008   Zero   RW          198    .bss.retention_mem_area0  adc_531.o
    0x07fc8cfc        -       0x00000038   Zero   RW          229    .bss.retention_mem_area0  i2c.o
    0x07fc8d34        -       0x00000001   Zero   RW          249    .bss.retention_mem_area0  hw_otpc_531.o
    0x07fc8d35   0x07fc8bc0   0x00000003   PAD
    0x07fc8d38        -       0x00000040   Zero   RW          259    .bss.retention_mem_area0  uart.o
    0x07fc8d78        -       0x00000008   Zero   RW          280    .bss.retention_mem_area0  rwble.o
    0x07fc8d80        -       0x0000000c   Zero   RW          289    .bss.retention_mem_area0  rwip.o
    0x07fc8d8c        -       0x00000002   Zero   RW          302    .bss.retention_mem_area0  ble_arp.o
    0x07fc8d8e   0x07fc8bc0   0x00000002   PAD
    0x07fc8d90        -       0x00000008   Zero   RW          314    .bss.retention_mem_area0  rf_531.o
    0x07fc8d98        -       0x00000030   Zero   RW          346    .bss.retention_mem_area0  prf.o
    0x07fc8dc8        -       0x0000005c   Zero   RW          368    .bss.retention_mem_area0  app.o
    0x07fc8e24        -       0x00000001   Zero   RW          379    .bss.retention_mem_area0  app_task.o
    0x07fc8e25   0x07fc8bc0   0x00000003   PAD
    0x07fc8e28        -       0x00000050   Zero   RW          443    .bss.retention_mem_area0  app_easy_timer.o
    0x07fc8e78        -       0x00000006   Zero   RW          538    .bss.retention_mem_area0  user_custs1_impl.o
    0x07fc8e7e        -       0x0000004a   Zero   RW          548    .bss.retention_mem_area0  user_peripheral.o


    Execution Region RET_HEAP_DB (Exec base: 0x07fc8ec8, Load base: 0x07fc8bc0, Size: 0x0000040c, Max: 0xffffffff, ABSOLUTE, UNINIT)

    Exec Addr    Load Addr    Size         Type   Attr      Idx    E Section Name        Object

    0x07fc8ec8        -       0x0000040c   Zero   RW           63    .bss.heap_db_area   jump_table.o


    Execution Region RET_HEAP_ENV (Exec base: 0x07fc92d4, Load base: 0x07fc8bc0, Size: 0x000002b8, Max: 0xffffffff, ABSOLUTE, UNINIT)

    Exec Addr    Load Addr    Size         Type   Attr      Idx    E Section Name        Object

    0x07fc92d4        -       0x000002b8   Zero   RW           62    .bss.heap_env_area  jump_table.o


    Execution Region RET_HEAP_MSG (Exec base: 0x07fc958c, Load base: 0x07fc8bc0, Size: 0x0000057c, Max: 0xffffffff, ABSOLUTE, UNINIT)

    Exec Addr    Load Addr    Size         Type   Attr      Idx    E Section Name        Object

    0x07fc958c        -       0x0000057c   Zero   RW           64    .bss.heap_msg_area  jump_table.o



  Load Region LR_FREE_AREA (Base: 0x07fca000, Size: 0x00000000, Max: 0x00001900, ABSOLUTE)

    Execution Region ER_FREE_AREA_AT_TX_CNTL_BUFFER (Exec base: 0x07fca884, Load base: 0x07fca000, Size: 0x00000000, Max: 0x000000de, ABSOLUTE)

    **** No section assigned to this execution region ****


    Execution Region ER_FREE_AREA_AT_TX_ADV_1_BUFFER (Exec base: 0x07fca988, Load base: 0x07fca000, Size: 0x00000000, Max: 0x000000e0, ABSOLUTE)

    **** No section assigned to this execution region ****


    Execution Region ER_FREE_AREA_AT_TX_ADV_2_BUFFER (Exec base: 0x07fcaa90, Load base: 0x07fca000, Size: 0x00000000, Max: 0x000000de, ABSOLUTE)

    **** No section assigned to this execution region ****


    Execution Region ER_FREE_AREA_AT_TX_ADV_3_BUFFER (Exec base: 0x07fcab94, Load base: 0x07fca000, Size: 0x00000000, Max: 0x000000e0, ABSOLUTE)

    **** No section assigned to this execution region ****


    Execution Region ER_FREE_AREA (Exec base: 0x07fcb4ac, Load base: 0x07fca000, Size: 0x00000000, Max: 0x000003f0, ABSOLUTE)

    **** No section assigned to this execution region ****



  Load Region LR_RETAINED_TRNG_STATE (Base: 0x07fcb89c, Size: 0x00000000, Max: 0x00000004, ABSOLUTE)

    Execution Region RET_DATA_UNINIT_TRNG_STATE (Exec base: 0x07fcb89c, Load base: 0x07fcb89c, Size: 0x00000004, Max: 0x00000004, ABSOLUTE, UNINIT)

    Exec Addr    Load Addr    Size         Type   Attr      Idx    E Section Name        Object

    0x07fcb89c        -       0x00000004   Zero   RW          269    .bss.trng_state     trng.o



  Load Region LR_RETAINED_CHACHA_STATE (Base: 0x07fcb8a0, Size: 0x00000000, Max: 0x00000060, ABSOLUTE)

    Execution Region RET_DATA_UNINIT_CHACHA_STATE (Exec base: 0x07fcb8a0, Load base: 0x07fcb8a0, Size: 0x00000060, Max: 0x00000060, ABSOLUTE, UNINIT)

    Exec Addr    Load Addr    Size         Type   Attr      Idx    E Section Name        Object

    0x07fcb8a0        -       0x00000060   Zero   RW          112    .bss.chacha20_state  chacha20.o


==============================================================================

Image component sizes


      Code (inc. data)   RO Data    RW Data    ZI Data      Debug   Object Name

      1476        224          0          0         10      10791   adc_531.o
      1196        176         78          0         92      19205   app.o
        88          8          0          0          0       6995   app_customs.o
        26          0          0          0          0       1398   app_customs_task.o
       420         68          0          0          0      11652   app_default_handlers.o
        60          4          0          0          0       6268   app_diss.o
       216         74         30          0          0       3436   app_diss_task.o
       648         76          0          0         80       6171   app_easy_timer.o
         0          0        140          0          0       6573   app_entry_point.o
        68         12          0          0          0       1373   app_msg_utils.o
       540         48        104          0          1      19338   app_task.o
       444         28          0          0          0       5512   arch_main.o
       388        192          0          0          0       3121   arch_rom.o
       756        128          0          0          4       5662   arch_sleep.o
      1588        240          0          4        100      12220   arch_system.o
       796        136        112          0          2       5954   ble_arp.o
         0          0         16          0         96       1040   chacha20.o
         0          0         16          0          0       2910   custs1.o
       452         16         80          0          0      23318   custs1_task.o
      1380        120          0          0         80      10144   gpio.o
       136          4          0          0          0       2358   hardfault_handler.o
       852        104          0          0          1       7170   hw_otpc_531.o
      1608        228          0          0         56      17289   i2c.o
       104         12        616          0       4172       2360   jump_table.o
       188         24          0          0          0       3680   nmi_handler.o
         0          0         22          0          0       1287   nvds.o
       876         82          0          8        112       5225   otp_cs.o
        16          4          0          0          0        748   otp_hdr.o
       156         12         36          0         48       4801   prf.o
      2132        360          0          1         54       9934   rf_531.o
       560         72          0          0          8       3991   rwble.o
       492         88          0          0         16       4858   rwip.o
        80         16        160          0       1792        780   startup_da14531.o
       472         84          0          0          2       4820   syscntl.o
       136         20          0          0          0       2418   system_da14531.o
        96         56         24          0          6       1622   system_library_531.o
       128         24          0          0         24       1353   trng.o
      1160        124          0          0         64      15271   uart.o
         0          0       1398          0          0       2355   user_custs1_def.o
       596         68          0          0          6      15781   user_custs1_impl.o
         0          0         56          0          0       3041   user_custs_config.o
       296         16          0          0          0       3140   user_periph_setup.o
       844        122          0          0         78      20581   user_peripheral.o
       752        140          0          0         12       7224   wkupct_quadec.o

    ----------------------------------------------------------------------
     22224       3210       2928         16       7016     305168   Object Totals
         0          0         32          0         80          0   (incl. Generated)
         2          0          8          3         20          0   (incl. Padding)

    ----------------------------------------------------------------------

      Code (inc. data)   RO Data    RW Data    ZI Data      Debug   Library Member Name

        32          0          0          0          0         68   arch_asm.o
        60         10          0          0          0        164   common.o
      2540        114          0          0          0        520   patch_1.o
       108         16          0          0          0         68   rf_diag.o
       960         44          0          0       1296        144   rf_ldo_calibration.o
         0          0          0          0          0          0   entry.o
         0          0          0          0          0          0   entry10a.o
         0          0          0          0          0          0   entry11a.o
         8          4          0          0          0          0   entry2.o
         4          0          0          0          0          0   entry5.o
         0          0          0          0          0          0   entry7b.o
         0          0          0          0          0          0   entry8b.o
         8          4          0          0          0          0   entry9a.o
        30          0          0          0          0          0   handlers.o
        48         10          0          0          0         68   init.o

    ----------------------------------------------------------------------
      3800        202          0          0       1296       1032   Library Totals
         2          0          0          0          0          0   (incl. Padding)

    ----------------------------------------------------------------------

      Code (inc. data)   RO Data    RW Data    ZI Data      Debug   Library Name

      3700        184          0          0       1296        964   da14531.lib
        98         18          0          0          0         68   mc_p.l

    ----------------------------------------------------------------------
      3800        202          0          0       1296       1032   Library Totals

    ----------------------------------------------------------------------

==============================================================================


      Code (inc. data)   RO Data    RW Data    ZI Data      Debug   

     26024       3412       2928         16       8312     305448   Grand Totals
     26024       3412       2928         16       8312     305448   ELF Image Totals
     26024       3412       2928         16          0          0   ROM Totals

==============================================================================

    Total RO  Size (Code + RO Data)                28952 (  28.27kB)
    Total RW  Size (RW Data + ZI Data)              8328 (   8.13kB)
    Total ROM Size (Code + RO Data + RW Data)      28968 (  28.29kB)

==============================================================================

